Component: ARM Compiler 5.06 update 4 (build 422) Tool: armlink [4d35d2]

==============================================================================

Section Cross References

    startup_stm32f103xb.o(STACK) refers (Special) to heapauxi.o(.text) for __use_two_region_memory
    startup_stm32f103xb.o(HEAP) refers (Special) to heapauxi.o(.text) for __use_two_region_memory
    startup_stm32f103xb.o(RESET) refers (Special) to heapauxi.o(.text) for __use_two_region_memory
    startup_stm32f103xb.o(RESET) refers to startup_stm32f103xb.o(STACK) for __initial_sp
    startup_stm32f103xb.o(RESET) refers to startup_stm32f103xb.o(.text) for Reset_Handler
    startup_stm32f103xb.o(RESET) refers to stm32f1xx_it.o(i.NMI_Handler) for NMI_Handler
    startup_stm32f103xb.o(RESET) refers to stm32f1xx_it.o(i.HardFault_Handler) for HardFault_Handler
    startup_stm32f103xb.o(RESET) refers to stm32f1xx_it.o(i.MemManage_Handler) for MemManage_Handler
    startup_stm32f103xb.o(RESET) refers to stm32f1xx_it.o(i.BusFault_Handler) for BusFault_Handler
    startup_stm32f103xb.o(RESET) refers to stm32f1xx_it.o(i.UsageFault_Handler) for UsageFault_Handler
    startup_stm32f103xb.o(RESET) refers to stm32f1xx_it.o(i.SVC_Handler) for SVC_Handler
    startup_stm32f103xb.o(RESET) refers to stm32f1xx_it.o(i.DebugMon_Handler) for DebugMon_Handler
    startup_stm32f103xb.o(RESET) refers to stm32f1xx_it.o(i.PendSV_Handler) for PendSV_Handler
    startup_stm32f103xb.o(RESET) refers to stm32f1xx_it.o(i.SysTick_Handler) for SysTick_Handler
    startup_stm32f103xb.o(.text) refers (Special) to heapauxi.o(.text) for __use_two_region_memory
    startup_stm32f103xb.o(.text) refers to system_stm32f1xx.o(i.SystemInit) for SystemInit
    startup_stm32f103xb.o(.text) refers to __main.o(!!!main) for __main
    startup_stm32f103xb.o(.text) refers to startup_stm32f103xb.o(HEAP) for Heap_Mem
    startup_stm32f103xb.o(.text) refers to startup_stm32f103xb.o(STACK) for Stack_Mem
    mpu6050.o(i.MPU_Get_Accelerometer) refers to mpu6050.o(i.MPU_Read_Len) for MPU_Read_Len
    mpu6050.o(i.MPU_Get_Gyroscope) refers to mpu6050.o(i.MPU_Read_Len) for MPU_Read_Len
    mpu6050.o(i.MPU_Get_Temperature) refers to mpu6050.o(i.MPU_Read_Len) for MPU_Read_Len
    mpu6050.o(i.MPU_Get_Temperature) refers to dflt_clz.o(x$fpl$dflt) for __aeabi_i2d
    mpu6050.o(i.MPU_Get_Temperature) refers to ddiv.o(x$fpl$ddiv) for __aeabi_ddiv
    mpu6050.o(i.MPU_Get_Temperature) refers to daddsub_clz.o(x$fpl$dadd) for __aeabi_dadd
    mpu6050.o(i.MPU_Get_Temperature) refers to dmul.o(x$fpl$dmul) for __aeabi_dmul
    mpu6050.o(i.MPU_Get_Temperature) refers to d2f.o(x$fpl$d2f) for __aeabi_d2f
    mpu6050.o(i.MPU_Get_Temperature) refers to fdiv.o(x$fpl$fdiv) for __aeabi_fdiv
    mpu6050.o(i.MPU_Init) refers to stm32f1xx_hal_i2c.o(i.HAL_I2C_Init) for HAL_I2C_Init
    mpu6050.o(i.MPU_Init) refers to mpu6050.o(i.MPU_Write_Byte) for MPU_Write_Byte
    mpu6050.o(i.MPU_Init) refers to mpu6050.o(i.MPU_Set_Gyro_Fsr) for MPU_Set_Gyro_Fsr
    mpu6050.o(i.MPU_Init) refers to mpu6050.o(i.MPU_Set_Accel_Fsr) for MPU_Set_Accel_Fsr
    mpu6050.o(i.MPU_Init) refers to mpu6050.o(i.MPU_Set_Rate) for MPU_Set_Rate
    mpu6050.o(i.MPU_Init) refers to mpu6050.o(i.MPU_Read_Byte) for MPU_Read_Byte
    mpu6050.o(i.MPU_Init) refers to i2c.o(.bss) for hi2c1
    mpu6050.o(i.MPU_Read_Byte) refers to stm32f1xx_hal_i2c.o(i.HAL_I2C_Mem_Read) for HAL_I2C_Mem_Read
    mpu6050.o(i.MPU_Read_Byte) refers to stm32f1xx_hal.o(i.HAL_Delay) for HAL_Delay
    mpu6050.o(i.MPU_Read_Byte) refers to i2c.o(.bss) for hi2c1
    mpu6050.o(i.MPU_Read_Len) refers to stm32f1xx_hal_i2c.o(i.HAL_I2C_Mem_Read) for HAL_I2C_Mem_Read
    mpu6050.o(i.MPU_Read_Len) refers to i2c.o(.bss) for hi2c1
    mpu6050.o(i.MPU_Set_Accel_Fsr) refers to mpu6050.o(i.MPU_Write_Byte) for MPU_Write_Byte
    mpu6050.o(i.MPU_Set_Gyro_Fsr) refers to mpu6050.o(i.MPU_Write_Byte) for MPU_Write_Byte
    mpu6050.o(i.MPU_Set_LPF) refers to mpu6050.o(i.MPU_Write_Byte) for MPU_Write_Byte
    mpu6050.o(i.MPU_Set_Rate) refers to mpu6050.o(i.MPU_Write_Byte) for MPU_Write_Byte
    mpu6050.o(i.MPU_Set_Rate) refers to mpu6050.o(i.MPU_Set_LPF) for MPU_Set_LPF
    mpu6050.o(i.MPU_Write_Byte) refers to stm32f1xx_hal_i2c.o(i.HAL_I2C_Mem_Write) for HAL_I2C_Mem_Write
    mpu6050.o(i.MPU_Write_Byte) refers to stm32f1xx_hal.o(i.HAL_Delay) for HAL_Delay
    mpu6050.o(i.MPU_Write_Byte) refers to i2c.o(.bss) for hi2c1
    mpu6050.o(i.MPU_Write_Len) refers to stm32f1xx_hal_i2c.o(i.HAL_I2C_Mem_Write) for HAL_I2C_Mem_Write
    mpu6050.o(i.MPU_Write_Len) refers to stm32f1xx_hal.o(i.HAL_Delay) for HAL_Delay
    mpu6050.o(i.MPU_Write_Len) refers to i2c.o(.bss) for hi2c1
    pid.o(i.Adjust_PWM_Direction) refers to faddsub_clz.o(x$fpl$fsub) for __aeabi_fsub
    pid.o(i.Adjust_PWM_Direction) refers to ffix.o(x$fpl$ffix) for __aeabi_f2iz
    pid.o(i.Adjust_PWM_Direction) refers to pid.o(i.SetMotor_PWM_Direction) for SetMotor_PWM_Direction
    pid.o(i.Adjust_PWM_Direction) refers to pid.o(.data) for .data
[...]
    ../clib/printf_percent.s                 0x00000000   Number         0  _printf_percent.o ABSOLUTE
    ../clib/printf_percent.s                 0x00000000   Number         0  _printf_lli.o ABSOLUTE
    ../clib/printf_percent.s                 0x00000000   Number         0  _printf_ll.o ABSOLUTE
    ../clib/printf_percent.s                 0x00000000   Number         0  _printf_llx.o ABSOLUTE
    ../clib/printf_percent.s                 0x00000000   Number         0  _printf_c.o ABSOLUTE
    ../clib/printf_percent.s                 0x00000000   Number         0  _printf_i.o ABSOLUTE
    ../clib/printf_percent.s                 0x00000000   Number         0  _printf_ls.o ABSOLUTE
    ../clib/printf_percent.s                 0x00000000   Number         0  _printf_lld.o ABSOLUTE
    ../clib/printf_percent.s                 0x00000000   Number         0  _printf_d.o ABSOLUTE
    ../clib/printf_percent.s                 0x00000000   Number         0  _printf_llo.o ABSOLUTE
    ../clib/printf_percent.s                 0x00000000   Number         0  _printf_lc.o ABSOLUTE
    ../clib/printf_percent.s                 0x00000000   Number         0  _printf_u.o ABSOLUTE
    ../clib/printf_percent.s                 0x00000000   Number         0  _printf_llu.o ABSOLUTE
    ../clib/printf_percent.s                 0x00000000   Number         0  _printf_f.o ABSOLUTE
    ../clib/printf_percent.s                 0x00000000   Number         0  _printf_s.o ABSOLUTE
    ../clib/printf_percent.s                 0x00000000   Number         0  _printf_l.o ABSOLUTE
    ../clib/printf_percent.s                 0x00000000   Number         0  _printf_x.o ABSOLUTE
    ../clib/printf_percent.s                 0x00000000   Number         0  _printf_n.o ABSOLUTE
    ../clib/signal.c                         0x00000000   Number         0  __raise.o ABSOLUTE
    ../clib/signal.c                         0x00000000   Number         0  defsig_general.o ABSOLUTE
    ../clib/signal.c                         0x00000000   Number         0  defsig_exit.o ABSOLUTE
    ../clib/signal.c                         0x00000000   Number         0  defsig_abrt_inner.o ABSOLUTE
    ../clib/signal.c                         0x00000000   Number         0  defsig_other.o ABSOLUTE
    ../clib/signal.c                         0x00000000   Number         0  defsig_fpe_inner.o ABSOLUTE
    ../clib/signal.c                         0x00000000   Number         0  defsig_rtred_inner.o ABSOLUTE
    ../clib/signal.c                         0x00000000   Number         0  defsig_stak_inner.o ABSOLUTE
    ../clib/signal.c                         0x00000000   Number         0  defsig_rtmem_outer.o ABSOLUTE
    ../clib/signal.c                         0x00000000   Number         0  defsig_rtmem_formal.o ABSOLUTE
    ../clib/signal.c                         0x00000000   Number         0  defsig_rtmem_inner.o ABSOLUTE
    ../clib/signal.c                         0x00000000   Number         0  defsig_segv_inner.o ABSOLUTE
    ../clib/signal.c                         0x00000000   Number         0  defsig_cppl_inner.o ABSOLUTE
    ../clib/signal.c                         0x00000000   Number         0  defsig_pvfn_inner.o ABSOLUTE
    ../clib/signal.s                         0x00000000   Number         0  defsig.o ABSOLUTE
    ../clib/stdlib.c                         0x00000000   Number         0  exit.o ABSOLUTE
    ../clib/string.c                         0x00000000   Number         0  strlen.o ABSOLUTE
    ../fplib/d2f.s                           0x00000000   Number         0  d2f.o ABSOLUTE
    ../fplib/daddsub.s                       0x00000000   Number         0  daddsub_clz.o ABSOLUTE
    ../fplib/dcheck1.s                       0x00000000   Number         0  dcheck1.o ABSOLUTE
    ../fplib/ddiv.s                          0x00000000   Number         0  ddiv.o ABSOLUTE
    ../fplib/dflt.s                          0x00000000   Number         0  dflt_clz.o ABSOLUTE
    ../fplib/dmul.s                          0x00000000   Number         0  dmul.o ABSOLUTE
    ../fplib/dnaninf.s                       0x00000000   Number         0  dnaninf.o ABSOLUTE
    ../fplib/dretinf.s                       0x00000000   Number         0  dretinf.o ABSOLUTE
    ../fplib/f2d.s                           0x00000000   Number         0  f2d.o ABSOLUTE
    ../fplib/faddsub.s                       0x00000000   Number         0  faddsub_clz.o ABSOLUTE
    ../fplib/fdiv.s                          0x00000000   Number         0  fdiv.o ABSOLUTE
    ../fplib/ffix.s                          0x00000000   Number         0  ffix.o ABSOLUTE
    ../fplib/fflt.s                          0x00000000   Number         0  fflt_clz.o ABSOLUTE
    ../fplib/fmul.s                          0x00000000   Number         0  fmul.o ABSOLUTE
    ../fplib/fnaninf.s                       0x00000000   Number         0  fnaninf.o ABSOLUTE
    ../fplib/fpinit.s                        0x00000000   Number         0  fpinit.o ABSOLUTE
    ../fplib/fretinf.s                       0x00000000   Number         0  fretinf.o ABSOLUTE
    ../fplib/istatus.s                       0x00000000   Number         0  istatus.o ABSOLUTE
    ../fplib/printf1.s                       0x00000000   Number         0  printf1.o ABSOLUTE
    ../fplib/printf2.s                       0x00000000   Number         0  printf2.o ABSOLUTE
    ../fplib/printf2a.s                      0x00000000   Number         0  printf2a.o ABSOLUTE
    ../fplib/printf2b.s                      0x00000000   Number         0  printf2b.o ABSOLUTE
    ../fplib/retnan.s                        0x00000000   Number         0  retnan.o ABSOLUTE
    ../fplib/scalbn.s                        0x00000000   Number         0  scalbn.o ABSOLUTE
    ../fplib/trapv.s                         0x00000000   Number         0  trapv.o ABSOLUTE
    ../fplib/usenofp.s                       0x00000000   Number         0  usenofp.o ABSOLUTE
    ../mathlib/atan.c                        0x00000000   Number         0  atan.o ABSOLUTE
    ../mathlib/atan.c                        0x00000000   Number         0  atan_x.o ABSOLUTE
    ../mathlib/atan2.c                       0x00000000   Number         0  atan2.o ABSOLUTE
    ../mathlib/atan2.c                       0x00000000   Number         0  atan2_x.o ABSOLUTE
    ../mathlib/dunder.c                      0x00000000   Number         0  dunder.o ABSOLUTE
    ../mathlib/fpclassify.c                  0x00000000   Number         0  fpclassify.o ABSOLUTE
    ../mathlib/poly.c                        0x00000000   Number         0  poly.o ABSOLUTE
    ../mathlib/qnan.c                        0x00000000   Number         0  qnan.o ABSOLUTE
    ..\Core\Src\PID.c                        0x00000000   Number         0  pid.o ABSOLUTE
    ..\Core\Src\bluetooth.c                  0x00000000   Number         0  bluetooth.o ABSOLUTE
    ..\Core\Src\gpio.c                       0x00000000   Number         0  gpio.o ABSOLUTE
    ..\Core\Src\i2c.c                        0x00000000   Number         0  i2c.o ABSOLUTE
    ..\Core\Src\main.c                       0x00000000   Number         0  main.o ABSOLUTE
    ..\Core\Src\mpu6050.c                    0x00000000   Number         0  mpu6050.o ABSOLUTE
    ..\Core\Src\outputdata.c                 0x00000000   Number         0  outputdata.o ABSOLUTE
    ..\Core\Src\stm32f1xx_hal_msp.c          0x00000000   Number         0  stm32f1xx_hal_msp.o ABSOLUTE
    ..\Core\Src\stm32f1xx_it.c               0x00000000   Number         0  stm32f1xx_it.o ABSOLUTE
    ..\Core\Src\system_stm32f1xx.c           0x00000000   Number         0  system_stm32f1xx.o ABSOLUTE
    ..\Core\Src\tim.c                        0x00000000   Number         0  tim.o ABSOLUTE
    ..\Core\Src\usart.c                      0x00000000   Number         0  usart.o ABSOLUTE
    ..\Drivers\STM32F1xx_HAL_Driver\Src\stm32f1xx_hal.c 0x00000000   Number         0  stm32f1xx_hal.o ABSOLUTE
    ..\Drivers\STM32F1xx_HAL_Driver\Src\stm32f1xx_hal_cortex.c 0x00000000   Number         0  stm32f1xx_hal_cortex.o ABSOLUTE
    ..\Drivers\STM32F1xx_HAL_Driver\Src\stm32f1xx_hal_dma.c 0x00000000   Number         0  stm32f1xx_hal_dma.o ABSOLUTE
    ..\Drivers\STM32F1xx_HAL_Driver\Src\stm32f1xx_hal_exti.c 0x00000000   Number         0  stm32f1xx_hal_exti.o ABSOLUTE
    ..\Drivers\STM32F1xx_HAL_Driver\Src\stm32f1xx_hal_flash.c 0x00000000   Number         0  stm32f1xx_hal_flash.o ABSOLUTE
    ..\Drivers\STM32F1xx_HAL_Driver\Src\stm32f1xx_hal_flash_ex.c 0x00000000   Number         0  stm32f1xx_hal_flash_ex.o ABSOLUTE
    ..\Drivers\STM32F1xx_HAL_Driver\Src\stm32f1xx_hal_gpio.c 0x00000000   Number         0  stm32f1xx_hal_gpio.o ABSOLUTE
    ..\Drivers\STM32F1xx_HAL_Driver\Src\stm32f1xx_hal_gpio_ex.c 0x00000000   Number         0  stm32f1xx_hal_gpio_ex.o ABSOLUTE
    ..\Drivers\STM32F1xx_HAL_Driver\Src\stm32f1xx_hal_i2c.c 0x00000000   Number         0  stm32f1xx_hal_i2c.o ABSOLUTE
    ..\Drivers\STM32F1xx_HAL_Driver\Src\stm32f1xx_hal_pwr.c 0x00000000   Number         0  stm32f1xx_hal_pwr.o ABSOLUTE
    ..\Drivers\STM32F1xx_HAL_Driver\Src\stm32f1xx_hal_rcc.c 0x00000000   Number         0  stm32f1xx_hal_rcc.o ABSOLUTE
    ..\Drivers\STM32F1xx_HAL_Driver\Src\stm32f1xx_hal_rcc_ex.c 0x00000000   Number         0  stm32f1xx_hal_rcc_ex.o ABSOLUTE
    ..\Drivers\STM32F1xx_HAL_Driver\Src\stm32f1xx_hal_tim.c 0x00000000   Number         0  stm32f1xx_hal_tim.o ABSOLUTE
    ..\Drivers\STM32F1xx_HAL_Driver\Src\stm32f1xx_hal_tim_ex.c 0x00000000   Number         0  stm32f1xx_hal_tim_ex.o ABSOLUTE
    ..\Drivers\STM32F1xx_HAL_Driver\Src\stm32f1xx_hal_uart.c 0x00000000   Number         0  stm32f1xx_hal_uart.o ABSOLUTE
    ..\\Core\\Src\\PID.c                     0x00000000   Number         0  pid.o ABSOLUTE
    ..\\Core\\Src\\bluetooth.c               0x00000000   Number         0  bluetooth.o ABSOLUTE
    ..\\Core\\Src\\mpu6050.c                 0x00000000   Number         0  mpu6050.o ABSOLUTE
    ..\\Core\\Src\\outputdata.c              0x00000000   Number         0  outputdata.o ABSOLUTE
    dc.s                                     0x00000000   Number         0  dc.o ABSOLUTE
    startup_stm32f103xb.s                    0x00000000   Number         0  startup_stm32f103xb.o ABSOLUTE
    RESET                                    0x08000000   Section      236  startup_stm32f103xb.o(RESET)
    !!!main                                  0x080000ec   Section        8  __main.o(!!!main)
    !!!scatter                               0x080000f4   Section       52  __scatter.o(!!!scatter)
    !!handler_copy                           0x08000128   Section       26  __scatter_copy.o(!!handler_copy)
    !!handler_zi                             0x08000144   Section       28  __scatter_zi.o(!!handler_zi)
    .ARM.Collect$$libinit$$00000000          0x08000160   Section        2  libinit.o(.ARM.Collect$$libinit$$00000000)
    .ARM.Collect$$libinit$$00000002          0x08000162   Section        0  libinit2.o(.ARM.Collect$$libinit$$00000002)
    .ARM.Collect$$libinit$$00000004          0x08000162   Section        0  libinit2.o(.ARM.Collect$$libinit$$00000004)
    .ARM.Collect$$libinit$$0000000A          0x08000162   Section        0  libinit2.o(.ARM.Collect$$libinit$$0000000A)
    .ARM.Collect$$libinit$$0000000C          0x08000162   Section        0  libinit2.o(.ARM.Collect$$libinit$$0000000C)
    .ARM.Collect$$libinit$$0000000E          0x08000162   Section        0  libinit2.o(.ARM.Collect$$libinit$$0000000E)
    .ARM.Collect$$libinit$$00000011          0x08000162   Section        0  libinit2.o(.ARM.Collect$$libinit$$00000011)
    .ARM.Collect$$libinit$$00000013          0x08000162   Section        0  libinit2.o(.ARM.Collect$$libinit$$00000013)
    .ARM.Collect$$libinit$$00000015          0x08000162   Section        0  libinit2.o(.ARM.Collect$$libinit$$00000015)
    .ARM.Collect$$libinit$$00000017          0x08000162   Section        0  libinit2.o(.ARM.Collect$$libinit$$00000017)
    .ARM.Collect$$libinit$$00000019          0x08000162   Section        0  libinit2.o(.ARM.Collect$$libinit$$00000019)
    .ARM.Collect$$libinit$$0000001B          0x08000162   Section        0  libinit2.o(.ARM.Collect$$libinit$$0000001B)
    .ARM.Collect$$libinit$$0000001D          0x08000162   Section        0  libinit2.o(.ARM.Collect$$libinit$$0000001D)
    .ARM.Collect$$libinit$$0000001F          0x08000162   Section        0  libinit2.o(.ARM.Collect$$libinit$$0000001F)
    .ARM.Collect$$libinit$$00000021          0x08000162   Section        0  libinit2.o(.ARM.Collect$$libinit$$00000021)
    .ARM.Collect$$libinit$$00000023          0x08000162   Section        0  libinit2.o(.ARM.Collect$$libinit$$00000023)
    .ARM.Collect$$libinit$$00000025          0x08000162   Section        0  libinit2.o(.ARM.Collect$$libinit$$00000025)
    .ARM.Collect$$libinit$$0000002C          0x08000162   Section        0  libinit2.o(.ARM.Collect$$libinit$$0000002C)
    .ARM.Collect$$libinit$$0000002E          0x08000162   Section        0  libinit2.o(.ARM.Collect$$libinit$$0000002E)
    .ARM.Collect$$libinit$$00000030          0x08000162   Section        0  libinit2.o(.ARM.Collect$$libinit$$00000030)
    .ARM.Collect$$libinit$$00000032          0x08000162   Section        0  libinit2.o(.ARM.Collect$$libinit$$00000032)
    .ARM.Collect$$libinit$$00000033          0x08000162   Section        2  libinit2.o(.ARM.Collect$$libinit$$00000033)
    .ARM.Collect$$libshutdown$$00000000      0x08000164   Section        2  libshutdown.o(.ARM.Collect$$libshutdown$$00000000)
    .ARM.Collect$$libshutdown$$00000002      0x08000166   Section        0  libshutdown2.o(.ARM.Collect$$libshutdown$$00000002)
    .ARM.Collect$$libshutdown$$00000004      0x08000166   Section        0  libshutdown2.o(.ARM.Collect$$libshutdown$$00000004)
    .ARM.Collect$$libshutdown$$00000007      0x08000166   Section        0  libshutdown2.o(.ARM.Collect$$libshutdown$$00000007)
    .ARM.Collect$$libshutdown$$0000000A      0x08000166   Section        0  libshutdown2.o(.ARM.Collect$$libshutdown$$0000000A)
    .ARM.Collect$$libshutdown$$0000000C      0x08000166   Section        0  libshutdown2.o(.ARM.Collect$$libshutdown$$0000000C)
    .ARM.Collect$$libshutdown$$0000000F      0x08000166   Section        0  libshutdown2.o(.ARM.Collect$$libshutdown$$0000000F)
    .ARM.Collect$$libshutdown$$00000010      0x08000166   Section        2  libshutdown2.o(.ARM.Collect$$libshutdown$$00000010)
    .ARM.Collect$$rtentry$$00000000          0x08000168   Section        0  __rtentry.o(.ARM.Collect$$rtentry$$00000000)
    .ARM.Collect$$rtentry$$00000002          0x08000168   Section        0  __rtentry2.o(.ARM.Collect$$rtentry$$00000002)
    .ARM.Collect$$rtentry$$00000004          0x08000168   Section        6  __rtentry4.o(.ARM.Collect$$rtentry$$00000004)
    .ARM.Collect$$rtentry$$00000009          0x0800016e   Section        0  __rtentry2.o(.ARM.Collect$$rtentry$$00000009)
    .ARM.Collect$$rtentry$$0000000A          0x0800016e   Section        4  __rtentry2.o(.ARM.Collect$$rtentry$$0000000A)
    .ARM.Collect$$rtentry$$0000000C          0x08000172   Section        0  __rtentry2.o(.ARM.Collect$$rtentry$$0000000C)
    .ARM.Collect$$rtentry$$0000000D          0x08000172   Section        8  __rtentry2.o(.ARM.Collect$$rtentry$$0000000D)
    .ARM.Collect$$rtexit$$00000000           0x0800017a   Section        2  rtexit.o(.ARM.Collect$$rtexit$$00000000)
    .ARM.Collect$$rtexit$$00000002           0x0800017c   Section        0  rtexit2.o(.ARM.Collect$$rtexit$$00000002)
    .ARM.Collect$$rtexit$$00000003           0x0800017c   Section        4  rtexit2.o(.ARM.Collect$$rtexit$$00000003)
    .ARM.Collect$$rtexit$$00000004           0x08000180   Section        6  rtexit2.o(.ARM.Collect$$rtexit$$00000004)
    .text                                    0x08000188   Section       64  startup_stm32f103xb.o(.text)
    .text                                    0x080001c8   Section       78  rt_memclr_w.o(.text)
    .text                                    0x08000216   Section        0  heapauxi.o(.text)
    .text                                    0x0800021c   Section        8  libspace.o(.text)
    .text                                    0x08000224   Section       74  sys_stackheap_outer.o(.text)
    .text                                    0x0800026e   Section        0  exit.o(.text)
    .text                                    0x08000280   Section        0  sys_exit.o(.text)
    .text                                    0x0800028c   Section        2  use_no_semi.o(.text)
    .text                                    0x0800028e   Section        0  indicate_semi.o(.text)
    i.Adjust_PWM_Direction                   0x08000290   Section        0  pid.o(i.Adjust_PWM_Direction)
    i.BusFault_Handler                       0x08000300   Section        0  stm32f1xx_it.o(i.BusFault_Handler)
    i.ComplementaryFilter                    0x08000304   Section        0  pid.o(i.ComplementaryFilter)
    i.DebugMon_Handler                       0x0800034c   Section        0  stm32f1xx_it.o(i.DebugMon_Handler)
    i.Error_Handler                          0x0800034e   Section        0  main.o(i.Error_Handler)
    i.GetMotorPulse                          0x08000354   Section        0  pid.o(i.GetMotorPulse)
    i.Get_MPU6050_Data                       0x08000390   Section        0  pid.o(i.Get_MPU6050_Data)
    i.HAL_Delay                              0x0800044c   Section        0  stm32f1xx_hal.o(i.HAL_Delay)
    i.HAL_GPIO_Init                          0x08000470   Section        0  stm32f1xx_hal_gpio.o(i.HAL_GPIO_Init)
    i.HAL_GPIO_WritePin                      0x08000650   Section        0  stm32f1xx_hal_gpio.o(i.HAL_GPIO_WritePin)
    i.HAL_GetTick                            0x0800065c   Section        0  stm32f1xx_hal.o(i.HAL_GetTick)
    i.HAL_I2C_Init                           0x08000668   Section        0  stm32f1xx_hal_i2c.o(i.HAL_I2C_Init)
    i.HAL_I2C_Mem_Read                       0x080007f0   Section        0  stm32f1xx_hal_i2c.o(i.HAL_I2C_Mem_Read)
    i.HAL_I2C_Mem_Write                      0x08000a40   Section        0  stm32f1xx_hal_i2c.o(i.HAL_I2C_Mem_Write)
    i.HAL_I2C_MspInit                        0x08000b70   Section        0  i2c.o(i.HAL_I2C_MspInit)
    i.HAL_IncTick                            0x08000be0   Section        0  stm32f1xx_hal.o(i.HAL_IncTick)
    i.HAL_Init                               0x08000bf0   Section        0  stm32f1xx_hal.o(i.HAL_Init)
    i.HAL_InitTick                           0x08000c14   Section        0  stm32f1xx_hal.o(i.HAL_InitTick)
    i.HAL_MspInit                            0x08000c54   Section        0  stm32f1xx_hal_msp.o(i.HAL_MspInit)
    i.HAL_NVIC_SetPriority                   0x08000c90   Section        0  stm32f1xx_hal_cortex.o(i.HAL_NVIC_SetPriority)
    i.HAL_NVIC_SetPriorityGrouping           0x08000cd0   Section        0  stm32f1xx_hal_cortex.o(i.HAL_NVIC_SetPriorityGrouping)
    i.HAL_RCC_ClockConfig                    0x08000cf4   Section        0  stm32f1xx_hal_rcc.o(i.HAL_RCC_ClockConfig)
    i.HAL_RCC_GetPCLK1Freq                   0x08000e20   Section        0  stm32f1xx_hal_rcc.o(i.HAL_RCC_GetPCLK1Freq)
    i.HAL_RCC_GetPCLK2Freq                   0x08000e40   Section        0  stm32f1xx_hal_rcc.o(i.HAL_RCC_GetPCLK2Freq)
    i.HAL_RCC_GetSysClockFreq                0x08000e60   Section        0  stm32f1xx_hal_rcc.o(i.HAL_RCC_GetSysClockFreq)
    i.HAL_RCC_OscConfig                      0x08000ecc   Section        0  stm32f1xx_hal_rcc.o(i.HAL_RCC_OscConfig)
    i.HAL_SYSTICK_Callback                   0x080011ec   Section        0  stm32f1xx_hal_cortex.o(i.HAL_SYSTICK_Callback)
    i.HAL_SYSTICK_Config                     0x080011ee   Section        0  stm32f1xx_hal_cortex.o(i.HAL_SYSTICK_Config)
    i.HAL_SYSTICK_IRQHandler                 0x08001216   Section        0  stm32f1xx_hal_cortex.o(i.HAL_SYSTICK_IRQHandler)
    i.HAL_TIMEx_MasterConfigSynchronization  0x08001220   Section        0  stm32f1xx_hal_tim_ex.o(i.HAL_TIMEx_MasterConfigSynchronization)
    i.HAL_TIM_Base_Init                      0x08001288   Section        0  stm32f1xx_hal_tim.o(i.HAL_TIM_Base_Init)
    i.HAL_TIM_Base_MspInit                   0x080012e4   Section        0  tim.o(i.HAL_TIM_Base_MspInit)
    i.HAL_TIM_ConfigClockSource              0x0800130c   Section        0  stm32f1xx_hal_tim.o(i.HAL_TIM_ConfigClockSource)
    i.HAL_TIM_Encoder_Init                   0x080013e2   Section        0  stm32f1xx_hal_tim.o(i.HAL_TIM_Encoder_Init)
    i.HAL_TIM_Encoder_MspInit                0x08001488   Section        0  tim.o(i.HAL_TIM_Encoder_MspInit)
    i.HAL_TIM_Encoder_Start                  0x08001518   Section        0  stm32f1xx_hal_tim.o(i.HAL_TIM_Encoder_Start)
    i.HAL_TIM_MspPostInit                    0x080015a8   Section        0  tim.o(i.HAL_TIM_MspPostInit)
    i.HAL_TIM_PWM_ConfigChannel              0x080015f4   Section        0  stm32f1xx_hal_tim.o(i.HAL_TIM_PWM_ConfigChannel)
    i.HAL_TIM_PWM_Init                       0x080016ba   Section        0  stm32f1xx_hal_tim.o(i.HAL_TIM_PWM_Init)
    i.HAL_TIM_PWM_MspInit                    0x08001714   Section        0  stm32f1xx_hal_tim.o(i.HAL_TIM_PWM_MspInit)
    i.HAL_TIM_PWM_Start                      0x08001718   Section        0  stm32f1xx_hal_tim.o(i.HAL_TIM_PWM_Start)
    i.HAL_UART_Init                          0x080017b4   Section        0  stm32f1xx_hal_uart.o(i.HAL_UART_Init)
    i.HAL_UART_MspInit                       0x08001818   Section        0  usart.o(i.HAL_UART_MspInit)
    i.HardFault_Handler                      0x08001888   Section        0  stm32f1xx_it.o(i.HardFault_Handler)
    i.I2C_IsAcknowledgeFailed                0x0800188a   Section        0  stm32f1xx_hal_i2c.o(i.I2C_IsAcknowledgeFailed)
    I2C_IsAcknowledgeFailed                  0x0800188b   Thumb Code    46  stm32f1xx_hal_i2c.o(i.I2C_IsAcknowledgeFailed)
    i.I2C_RequestMemoryRead                  0x080018b8   Section        0  stm32f1xx_hal_i2c.o(i.I2C_RequestMemoryRead)
    I2C_RequestMemoryRead                    0x080018b9   Thumb Code   246  stm32f1xx_hal_i2c.o(i.I2C_RequestMemoryRead)
    i.I2C_RequestMemoryWrite                 0x080019b4   Section        0  stm32f1xx_hal_i2c.o(i.I2C_RequestMemoryWrite)
    I2C_RequestMemoryWrite                   0x080019b5   Thumb Code   162  stm32f1xx_hal_i2c.o(i.I2C_RequestMemoryWrite)
    i.I2C_WaitOnBTFFlagUntilTimeout          0x08001a5c   Section        0  stm32f1xx_hal_i2c.o(i.I2C_WaitOnBTFFlagUntilTimeout)
    I2C_WaitOnBTFFlagUntilTimeout            0x08001a5d   Thumb Code    76  stm32f1xx_hal_i2c.o(i.I2C_WaitOnBTFFlagUntilTimeout)
    i.I2C_WaitOnFlagUntilTimeout             0x08001aa8   Section        0  stm32f1xx_hal_i2c.o(i.I2C_WaitOnFlagUntilTimeout)
    I2C_WaitOnFlagUntilTimeout               0x08001aa9   Thumb Code   104  stm32f1xx_hal_i2c.o(i.I2C_WaitOnFlagUntilTimeout)
    i.I2C_WaitOnMasterAddressFlagUntilTimeout 0x08001b10   Section        0  stm32f1xx_hal_i2c.o(i.I2C_WaitOnMasterAddressFlagUntilTimeout)
    I2C_WaitOnMasterAddressFlagUntilTimeout  0x08001b11   Thumb Code   150  stm32f1xx_hal_i2c.o(i.I2C_WaitOnMasterAddressFlagUntilTimeout)
    i.I2C_WaitOnRXNEFlagUntilTimeout         0x08001ba6   Section        0  stm32f1xx_hal_i2c.o(i.I2C_WaitOnRXNEFlagUntilTimeout)
    I2C_WaitOnRXNEFlagUntilTimeout           0x08001ba7   Thumb Code   102  stm32f1xx_hal_i2c.o(i.I2C_WaitOnRXNEFlagUntilTimeout)
    i.I2C_WaitOnTXEFlagUntilTimeout          0x08001c0c   Section        0  stm32f1xx_hal_i2c.o(i.I2C_WaitOnTXEFlagUntilTimeout)
    I2C_WaitOnTXEFlagUntilTimeout            0x08001c0d   Thumb Code    76  stm32f1xx_hal_i2c.o(i.I2C_WaitOnTXEFlagUntilTimeout)
    i.MPU_Get_Accelerometer                  0x08001c58   Section        0  mpu6050.o(i.MPU_Get_Accelerometer)
    i.MPU_Get_Gyroscope                      0x08001c88   Section        0  mpu6050.o(i.MPU_Get_Gyroscope)
    i.MPU_Init                               0x08001cb8   Section        0  mpu6050.o(i.MPU_Init)
    i.MPU_Read_Byte                          0x08001d30   Section        0  mpu6050.o(i.MPU_Read_Byte)
    i.MPU_Read_Len                           0x08001d64   Section        0  mpu6050.o(i.MPU_Read_Len)
    i.MPU_Set_Accel_Fsr                      0x08001d84   Section        0  mpu6050.o(i.MPU_Set_Accel_Fsr)
    i.MPU_Set_Gyro_Fsr                       0x08001d8e   Section        0  mpu6050.o(i.MPU_Set_Gyro_Fsr)
    i.MPU_Set_LPF                            0x08001d98   Section        0  mpu6050.o(i.MPU_Set_LPF)
    i.MPU_Set_Rate                           0x08001dc8   Section        0  mpu6050.o(i.MPU_Set_Rate)
    i.MPU_Write_Byte                         0x08001df8   Section        0  mpu6050.o(i.MPU_Write_Byte)
    i.MX_GPIO_Init                           0x08001e28   Section        0  gpio.o(i.MX_GPIO_Init)
    i.MX_I2C1_Init                           0x08001f24   Section        0  i2c.o(i.MX_I2C1_Init)
    i.MX_TIM2_Init                           0x08001f64   Section        0  tim.o(i.MX_TIM2_Init)
    i.MX_TIM3_Init                           0x08001fd0   Section        0  tim.o(i.MX_TIM3_Init)
    i.MX_TIM4_Init                           0x0800207c   Section        0  tim.o(i.MX_TIM4_Init)
    i.MX_USART1_UART_Init                    0x080020e8   Section        0  usart.o(i.MX_USART1_UART_Init)
    i.MemManage_Handler                      0x08002120   Section        0  stm32f1xx_it.o(i.MemManage_Handler)
    i.NMI_Handler                            0x08002122   Section        0  stm32f1xx_it.o(i.NMI_Handler)
    i.PD_angle_control                       0x08002124   Section        0  pid.o(i.PD_angle_control)
    i.PI_speed_control                       0x08002154   Section        0  pid.o(i.PI_speed_control)
    i.PI_speed_control_smothly               0x0800220c   Section        0  pid.o(i.PI_speed_control_smothly)
    i.PendSV_Handler                         0x08002244   Section        0  stm32f1xx_it.o(i.PendSV_Handler)
    i.SVC_Handler                            0x08002246   Section        0  stm32f1xx_it.o(i.SVC_Handler)
    i.SetMotor_PWM_Direction                 0x08002248   Section        0  pid.o(i.SetMotor_PWM_Direction)
    i.SysTick_Handler                        0x080022dc   Section        0  stm32f1xx_it.o(i.SysTick_Handler)
    i.SystemClock_Config                     0x0800234c   Section        0  main.o(i.SystemClock_Config)
    i.SystemInit                             0x080023aa   Section        0  system_stm32f1xx.o(i.SystemInit)
    i.TIM_Base_SetConfig                     0x080023ac   Section        0  stm32f1xx_hal_tim.o(i.TIM_Base_SetConfig)
    i.TIM_CCxChannelCmd                      0x08002418   Section        0  stm32f1xx_hal_tim.o(i.TIM_CCxChannelCmd)
    i.TIM_ETR_SetConfig                      0x08002432   Section        0  stm32f1xx_hal_tim.o(i.TIM_ETR_SetConfig)
    i.TIM_ITRx_SetConfig                     0x08002446   Section        0  stm32f1xx_hal_tim.o(i.TIM_ITRx_SetConfig)
    TIM_ITRx_SetConfig                       0x08002447   Thumb Code    16  stm32f1xx_hal_tim.o(i.TIM_ITRx_SetConfig)
    i.TIM_OC1_SetConfig                      0x08002458   Section        0  stm32f1xx_hal_tim.o(i.TIM_OC1_SetConfig)
    TIM_OC1_SetConfig                        0x08002459   Thumb Code    74  stm32f1xx_hal_tim.o(i.TIM_OC1_SetConfig)
    i.TIM_OC2_SetConfig                      0x080024a8   Section        0  stm32f1xx_hal_tim.o(i.TIM_OC2_SetConfig)
    i.TIM_OC3_SetConfig                      0x08002500   Section        0  stm32f1xx_hal_tim.o(i.TIM_OC3_SetConfig)
    TIM_OC3_SetConfig                        0x08002501   Thumb Code    82  stm32f1xx_hal_tim.o(i.TIM_OC3_SetConfig)
    i.TIM_OC4_SetConfig                      0x08002558   Section        0  stm32f1xx_hal_tim.o(i.TIM_OC4_SetConfig)
    TIM_OC4_SetConfig                        0x08002559   Thumb Code    64  stm32f1xx_hal_tim.o(i.TIM_OC4_SetConfig)
    i.TIM_TI1_ConfigInputStage               0x0800259c   Section        0  stm32f1xx_hal_tim.o(i.TIM_TI1_ConfigInputStage)
    TIM_TI1_ConfigInputStage                 0x0800259d   Thumb Code    34  stm32f1xx_hal_tim.o(i.TIM_TI1_ConfigInputStage)
    i.TIM_TI2_ConfigInputStage               0x080025be   Section        0  stm32f1xx_hal_tim.o(i.TIM_TI2_ConfigInputStage)
    TIM_TI2_ConfigInputStage                 0x080025bf   Thumb Code    36  stm32f1xx_hal_tim.o(i.TIM_TI2_ConfigInputStage)
    i.UART_SetConfig                         0x080025e4   Section        0  stm32f1xx_hal_uart.o(i.UART_SetConfig)
    UART_SetConfig                           0x080025e5   Thumb Code   178  stm32f1xx_hal_uart.o(i.UART_SetConfig)
    i.UsageFault_Handler                     0x0800269c   Section        0  stm32f1xx_it.o(i.UsageFault_Handler)
    i.__ARM_fpclassify                       0x0800269e   Section        0  fpclassify.o(i.__ARM_fpclassify)
    i.__NVIC_SetPriority                     0x080026c6   Section        0  stm32f1xx_hal_cortex.o(i.__NVIC_SetPriority)
    __NVIC_SetPriority                       0x080026c7   Thumb Code    32  stm32f1xx_hal_cortex.o(i.__NVIC_SetPriority)
    i.__kernel_poly                          0x080026e6   Section        0  poly.o(i.__kernel_poly)
    i.__mathlib_dbl_infnan                   0x08002790   Section        0  dunder.o(i.__mathlib_dbl_infnan)
    i.__mathlib_dbl_infnan2                  0x08002796   Section        0  dunder.o(i.__mathlib_dbl_infnan2)
    i.__mathlib_dbl_underflow                0x0800279c   Section        0  dunder.o(i.__mathlib_dbl_underflow)
    i.atan                                   0x080027ac   Section        0  atan.o(i.atan)
    i.atan2                                  0x080029cc   Section        0  atan2.o(i.atan2)
    i.main                                   0x08002b4c   Section        0  main.o(i.main)
    x$fpl$d2f                                0x08002bb0   Section       98  d2f.o(x$fpl$d2f)
    x$fpl$dadd                               0x08002c14   Section      336  daddsub_clz.o(x$fpl$dadd)
    _dadd1                                   0x08002c25   Thumb Code     0  daddsub_clz.o(x$fpl$dadd)
    x$fpl$dcheck1                            0x08002d64   Section       16  dcheck1.o(x$fpl$dcheck1)
    x$fpl$ddiv                               0x08002d74   Section      688  ddiv.o(x$fpl$ddiv)
    ddiv_entry                               0x08002d7b   Thumb Code     0  ddiv.o(x$fpl$ddiv)
    x$fpl$dflt                               0x08003024   Section       46  dflt_clz.o(x$fpl$dflt)
    x$fpl$dmul                               0x08003054   Section      340  dmul.o(x$fpl$dmul)
    x$fpl$dnaninf                            0x080031a8   Section      156  dnaninf.o(x$fpl$dnaninf)
    x$fpl$dretinf                            0x08003244   Section       12  dretinf.o(x$fpl$dretinf)
    x$fpl$drsb                               0x08003250   Section       22  daddsub_clz.o(x$fpl$drsb)
    x$fpl$dsub                               0x08003268   Section      468  daddsub_clz.o(x$fpl$dsub)
    _dsub1                                   0x08003279   Thumb Code     0  daddsub_clz.o(x$fpl$dsub)
    x$fpl$f2d                                0x0800343c   Section       86  f2d.o(x$fpl$f2d)
    x$fpl$fadd                               0x08003494   Section      196  faddsub_clz.o(x$fpl$fadd)
    _fadd1                                   0x080034a3   Thumb Code     0  faddsub_clz.o(x$fpl$fadd)
    x$fpl$fdiv                               0x08003558   Section      388  fdiv.o(x$fpl$fdiv)
    _fdiv1                                   0x08003559   Thumb Code     0  fdiv.o(x$fpl$fdiv)
    x$fpl$ffix                               0x080036dc   Section       54  ffix.o(x$fpl$ffix)
    x$fpl$ffltu                              0x08003714   Section       38  fflt_clz.o(x$fpl$ffltu)
    x$fpl$fmul                               0x0800373c   Section      258  fmul.o(x$fpl$fmul)
    x$fpl$fnaninf                            0x0800383e   Section      140  fnaninf.o(x$fpl$fnaninf)
    x$fpl$fretinf                            0x080038ca   Section       10  fretinf.o(x$fpl$fretinf)
    x$fpl$fsub                               0x080038d4   Section      234  faddsub_clz.o(x$fpl$fsub)
    _fsub1                                   0x080038e3   Thumb Code     0  faddsub_clz.o(x$fpl$fsub)
    x$fpl$retnan                             0x080039be   Section      100  retnan.o(x$fpl$retnan)
    x$fpl$scalbn                             0x08003a22   Section       92  scalbn.o(x$fpl$scalbn)
    x$fpl$trapveneer                         0x08003a7e   Section       48  trapv.o(x$fpl$trapveneer)
    .constdata                               0x08003aae   Section       16  system_stm32f1xx.o(.constdata)
    x$fpl$usenofp                            0x08003aae   Section        0  usenofp.o(x$fpl$usenofp)
    .constdata                               0x08003abe   Section        8  system_stm32f1xx.o(.constdata)
    .constdata                               0x08003ac8   Section      152  atan.o(.constdata)
    atanhi                                   0x08003ac8   Data          32  atan.o(.constdata)
    atanlo                                   0x08003ae8   Data          32  atan.o(.constdata)
    aTodd                                    0x08003b08   Data          40  atan.o(.constdata)
    aTeven                                   0x08003b30   Data          48  atan.o(.constdata)
    .constdata                               0x08003b60   Section        8  qnan.o(.constdata)
    .data                                    0x20000000   Section        2  pid.o(.data)
    .data                                    0x20000004   Section      172  pid.o(.data)
    .data                                    0x200000b0   Section       12  stm32f1xx_hal.o(.data)
    .data                                    0x200000bc   Section        4  system_stm32f1xx.o(.data)
    .bss                                     0x200000c0   Section       84  i2c.o(.bss)
    .bss                                     0x20000114   Section      216  tim.o(.bss)
    .bss                                     0x200001ec   Section       68  usart.o(.bss)
    .bss                                     0x20000230   Section       96  libspace.o(.bss)
    HEAP                                     0x20000290   Section      512  startup_stm32f103xb.o(HEAP)
    Heap_Mem                                 0x20000290   Data         512  startup_stm32f103xb.o(HEAP)
    STACK                                    0x20000490   Section     1024  startup_stm32f103xb.o(STACK)
    Stack_Mem                                0x20000490   Data        1024  startup_stm32f103xb.o(STACK)
    __initial_sp                             0x20000890   Data           0  startup_stm32f103xb.o(STACK)

    Global Symbols

    Symbol Name                              Value     Ov Type        Size  Object(Section)

    BuildAttributes$$THM_ISAv4$P$D$K$B$S$PE$A:L22UL41UL21$X:L11$S22US41US21$IEEE1$IW$USESV6$~STKCKD$USESV7$~SHL$OTIME$ROPI$IEEEX$EBA8$UX$STANDARDLIB$REQ8$PRES8$EABIv2 0x00000000   Number         0  anon$$obj.o ABSOLUTE
    __ARM_use_no_argv                        0x00000000   Number         0  main.o ABSOLUTE
    _printf_flags                            0x00000000   Number         0  printf_stubs.o ABSOLUTE
    _printf_return_value                     0x00000000   Number         0  printf_stubs.o ABSOLUTE
    _printf_sizespec                         0x00000000   Number         0  printf_stubs.o ABSOLUTE
    _printf_widthprec                        0x00000000   Number         0  printf_stubs.o ABSOLUTE
    __ARM_exceptions_init                     - Undefined Weak Reference
    __alloca_initialize                       - Undefined Weak Reference
    __arm_preinit_                            - Undefined Weak Reference
    __cpp_initialize__aeabi_                  - Undefined Weak Reference
    __cxa_finalize                            - Undefined Weak Reference
    __sigvec_lookup                           - Undefined Weak Reference
    _atexit_init                              - Undefined Weak Reference
    _call_atexit_fns                          - Undefined Weak Reference
    _clock_init                               - Undefined Weak Reference
    _fp_trap_init                             - Undefined Weak Reference
    _fp_trap_shutdown                         - Undefined Weak Reference
    _get_lc_collate                           - Undefined Weak Reference
    _get_lc_monetary                          - Undefined Weak Reference
    _get_lc_time                              - Undefined Weak Reference
    _getenv_init                              - Undefined Weak Reference
    _handle_redirection                       - Undefined Weak Reference
    _init_alloc                               - Undefined Weak Reference
    _init_user_alloc                          - Undefined Weak Reference
    _initio                                   - Undefined Weak Reference
    _printf_mbtowc                            - Undefined Weak Reference
    _printf_wc                                - Undefined Weak Reference
    _rand_init                                - Undefined Weak Reference
    _signal_finish                            - Undefined Weak Reference
    _signal_init                              - Undefined Weak Reference
    _terminate_alloc                          - Undefined Weak Reference
    _terminate_user_alloc                     - Undefined Weak Reference
    _terminateio                              - Undefined Weak Reference
    __Vectors_Size                           0x000000ec   Number         0  startup_stm32f103xb.o ABSOLUTE
    __Vectors                                0x08000000   Data           4  startup_stm32f103xb.o(RESET)
    __Vectors_End                            0x080000ec   Data           0  startup_stm32f103xb.o(RESET)
    __main                                   0x080000ed   Thumb Code     8  __main.o(!!!main)
    __scatterload                            0x080000f5   Thumb Code     0  __scatter.o(!!!scatter)
    __scatterload_rt2                        0x080000f5   Thumb Code    44  __scatter.o(!!!scatter)
    __scatterload_rt2_thumb_only             0x080000f5   Thumb Code     0  __scatter.o(!!!scatter)
    __scatterload_null                       0x08000103   Thumb Code     0  __scatter.o(!!!scatter)
    __scatterload_copy                       0x08000129   Thumb Code    26  __scatter_copy.o(!!handler_copy)
    __scatterload_zeroinit                   0x08000145   Thumb Code    28  __scatter_zi.o(!!handler_zi)
    __rt_lib_init                            0x08000161   Thumb Code     0  libinit.o(.ARM.Collect$$libinit$$00000000)
    __rt_lib_init_alloca_1                   0x08000163   Thumb Code     0  libinit2.o(.ARM.Collect$$libinit$$0000002E)
    __rt_lib_init_argv_1                     0x08000163   Thumb Code     0  libinit2.o(.ARM.Collect$$libinit$$0000002C)
    __rt_lib_init_atexit_1                   0x08000163   Thumb Code     0  libinit2.o(.ARM.Collect$$libinit$$0000001B)
    __rt_lib_init_clock_1                    0x08000163   Thumb Code     0  libinit2.o(.ARM.Collect$$libinit$$00000021)
    __rt_lib_init_cpp_1                      0x08000163   Thumb Code     0  libinit2.o(.ARM.Collect$$libinit$$00000032)
    __rt_lib_init_exceptions_1               0x08000163   Thumb Code     0  libinit2.o(.ARM.Collect$$libinit$$00000030)
    __rt_lib_init_fp_1                       0x08000163   Thumb Code     0  libinit2.o(.ARM.Collect$$libinit$$00000002)
    __rt_lib_init_fp_trap_1                  0x08000163   Thumb Code     0  libinit2.o(.ARM.Collect$$libinit$$0000001F)
    __rt_lib_init_getenv_1                   0x08000163   Thumb Code     0  libinit2.o(.ARM.Collect$$libinit$$00000023)
    __rt_lib_init_heap_1                     0x08000163   Thumb Code     0  libinit2.o(.ARM.Collect$$libinit$$0000000A)
    __rt_lib_init_lc_collate_1               0x08000163   Thumb Code     0  libinit2.o(.ARM.Collect$$libinit$$00000011)
    __rt_lib_init_lc_ctype_1                 0x08000163   Thumb Code     0  libinit2.o(.ARM.Collect$$libinit$$00000013)
    __rt_lib_init_lc_monetary_1              0x08000163   Thumb Code     0  libinit2.o(.ARM.Collect$$libinit$$00000015)
    __rt_lib_init_lc_numeric_1               0x08000163   Thumb Code     0  libinit2.o(.ARM.Collect$$libinit$$00000017)
    __rt_lib_init_lc_time_1                  0x08000163   Thumb Code     0  libinit2.o(.ARM.Collect$$libinit$$00000019)
    __rt_lib_init_preinit_1                  0x08000163   Thumb Code     0  libinit2.o(.ARM.Collect$$libinit$$00000004)
    __rt_lib_init_rand_1                     0x08000163   Thumb Code     0  libinit2.o(.ARM.Collect$$libinit$$0000000E)
    __rt_lib_init_return                     0x08000163   Thumb Code     0  libinit2.o(.ARM.Collect$$libinit$$00000033)
    __rt_lib_init_signal_1                   0x08000163   Thumb Code     0  libinit2.o(.ARM.Collect$$libinit$$0000001D)
    __rt_lib_init_stdio_1                    0x08000163   Thumb Code     0  libinit2.o(.ARM.Collect$$libinit$$00000025)
    __rt_lib_init_user_alloc_1               0x08000163   Thumb Code     0  libinit2.o(.ARM.Collect$$libinit$$0000000C)
    __rt_lib_shutdown                        0x08000165   Thumb Code     0  libshutdown.o(.ARM.Collect$$libshutdown$$00000000)
    __rt_lib_shutdown_cpp_1                  0x08000167   Thumb Code     0  libshutdown2.o(.ARM.Collect$$libshutdown$$00000002)
    __rt_lib_shutdown_fp_trap_1              0x08000167   Thumb Code     0  libshutdown2.o(.ARM.Collect$$libshutdown$$00000007)
    __rt_lib_shutdown_heap_1                 0x08000167   Thumb Code     0  libshutdown2.o(.ARM.Collect$$libshutdown$$0000000F)
    __rt_lib_shutdown_return                 0x08000167   Thumb Code     0  libshutdown2.o(.ARM.Collect$$libshutdown$$00000010)
    __rt_lib_shutdown_signal_1               0x08000167   Thumb Code     0  libshutdown2.o(.ARM.Collect$$libshutdown$$0000000A)
    __rt_lib_shutdown_stdio_1                0x08000167   Thumb Code     0  libshutdown2.o(.ARM.Collect$$libshutdown$$00000004)
    __rt_lib_shutdown_user_alloc_1           0x08000167   Thumb Code     0  libshutdown2.o(.ARM.Collect$$libshutdown$$0000000C)
    __rt_entry                               0x08000169   Thumb Code     0  __rtentry.o(.ARM.Collect$$rtentry$$00000000)
    __rt_entry_presh_1                       0x08000169   Thumb Code     0  __rtentry2.o(.ARM.Collect$$rtentry$$00000002)
    __rt_entry_sh                            0x08000169   Thumb Code     0  __rtentry4.o(.ARM.Collect$$rtentry$$00000004)
    __rt_entry_li                            0x0800016f   Thumb Code     0  __rtentry2.o(.ARM.Collect$$rtentry$$0000000A)
    __rt_entry_postsh_1                      0x0800016f   Thumb Code     0  __rtentry2.o(.ARM.Collect$$rtentry$$00000009)
    __rt_entry_main                          0x08000173   Thumb Code     0  __rtentry2.o(.ARM.Collect$$rtentry$$0000000D)
    __rt_entry_postli_1                      0x08000173   Thumb Code     0  __rtentry2.o(.ARM.Collect$$rtentry$$0000000C)
    __rt_exit                                0x0800017b   Thumb Code     0  rtexit.o(.ARM.Collect$$rtexit$$00000000)
    __rt_exit_ls                             0x0800017d   Thumb Code     0  rtexit2.o(.ARM.Collect$$rtexit$$00000003)
    __rt_exit_prels_1                        0x0800017d   Thumb Code     0  rtexit2.o(.ARM.Collect$$rtexit$$00000002)
    __rt_exit_exit                           0x08000181   Thumb Code     0  rtexit2.o(.ARM.Collect$$rtexit$$00000004)
    Reset_Handler                            0x08000189   Thumb Code     8  startup_stm32f103xb.o(.text)
    ADC1_2_IRQHandler                        0x080001a3   Thumb Code     0  startup_stm32f103xb.o(.text)
    CAN1_RX1_IRQHandler                      0x080001a3   Thumb Code     0  startup_stm32f103xb.o(.text)
    CAN1_SCE_IRQHandler                      0x080001a3   Thumb Code     0  startup_stm32f103xb.o(.text)
    DMA1_Channel1_IRQHandler                 0x080001a3   Thumb Code     0  startup_stm32f103xb.o(.text)
    DMA1_Channel2_IRQHandler                 0x080001a3   Thumb Code     0  startup_stm32f103xb.o(.text)
    DMA1_Channel3_IRQHandler                 0x080001a3   Thumb Code     0  startup_stm32f103xb.o(.text)
    DMA1_Channel4_IRQHandler                 0x080001a3   Thumb Code     0  startup_stm32f103xb.o(.text)
    DMA1_Channel5_IRQHandler                 0x080001a3   Thumb Code     0  startup_stm32f103xb.o(.text)
    DMA1_Channel6_IRQHandler                 0x080001a3   Thumb Code     0  startup_stm32f103xb.o(.text)
    DMA1_Channel7_IRQHandler                 0x080001a3   Thumb Code     0  startup_stm32f103xb.o(.text)
    EXTI0_IRQHandler                         0x080001a3   Thumb Code     0  startup_stm32f103xb.o(.text)
    EXTI15_10_IRQHandler                     0x080001a3   Thumb Code     0  startup_stm32f103xb.o(.text)
    EXTI1_IRQHandler                         0x080001a3   Thumb Code     0  startup_stm32f103xb.o(.text)
    EXTI2_IRQHandler                         0x080001a3   Thumb Code     0  startup_stm32f103xb.o(.text)
    EXTI3_IRQHandler                         0x080001a3   Thumb Code     0  startup_stm32f103xb.o(.text)
    EXTI4_IRQHandler                         0x080001a3   Thumb Code     0  startup_stm32f103xb.o(.text)
    EXTI9_5_IRQHandler                       0x080001a3   Thumb Code     0  startup_stm32f103xb.o(.text)
    FLASH_IRQHandler                         0x080001a3   Thumb Code     0  startup_stm32f103xb.o(.text)
    I2C1_ER_IRQHandler                       0x080001a3   Thumb Code     0  startup_stm32f103xb.o(.text)
    I2C1_EV_IRQHandler                       0x080001a3   Thumb Code     0  startup_stm32f103xb.o(.text)
    I2C2_ER_IRQHandler                       0x080001a3   Thumb Code     0  startup_stm32f103xb.o(.text)
    I2C2_EV_IRQHandler                       0x080001a3   Thumb Code     0  startup_stm32f103xb.o(.text)
    PVD_IRQHandler                           0x080001a3   Thumb Code     0  startup_stm32f103xb.o(.text)
    RCC_IRQHandler                           0x080001a3   Thumb Code     0  startup_stm32f103xb.o(.text)
    RTC_Alarm_IRQHandler                     0x080001a3   Thumb Code     0  startup_stm32f103xb.o(.text)
    RTC_IRQHandler                           0x080001a3   Thumb Code     0  startup_stm32f103xb.o(.text)
    SPI1_IRQHandler                          0x080001a3   Thumb Code     0  startup_stm32f103xb.o(.text)
    SPI2_IRQHandler                          0x080001a3   Thumb Code     0  startup_stm32f103xb.o(.text)
    TAMPER_IRQHandler                        0x080001a3   Thumb Code     0  startup_stm32f103xb.o(.text)
    TIM1_BRK_IRQHandler                      0x080001a3   Thumb Code     0  startup_stm32f103xb.o(.text)
    TIM1_CC_IRQHandler                       0x080001a3   Thumb Code     0  startup_stm32f103xb.o(.text)
    TIM1_TRG_COM_IRQHandler                  0x080001a3   Thumb Code     0  startup_stm32f103xb.o(.text)
    TIM1_UP_IRQHandler                       0x080001a3   Thumb Code     0  startup_stm32f103xb.o(.text)
    TIM2_IRQHandler                          0x080001a3   Thumb Code     0  startup_stm32f103xb.o(.text)
    TIM3_IRQHandler                          0x080001a3   Thumb Code     0  startup_stm32f103xb.o(.text)
    TIM4_IRQHandler                          0x080001a3   Thumb Code     0  startup_stm32f103xb.o(.text)
    USART1_IRQHandler                        0x080001a3   Thumb Code     0  startup_stm32f103xb.o(.text)
    USART2_IRQHandler                        0x080001a3   Thumb Code     0  startup_stm32f103xb.o(.text)
    USART3_IRQHandler                        0x080001a3   Thumb Code     0  startup_stm32f103xb.o(.text)
    USBWakeUp_IRQHandler                     0x080001a3   Thumb Code     0  startup_stm32f103xb.o(.text)
    USB_HP_CAN1_TX_IRQHandler                0x080001a3   Thumb Code     0  startup_stm32f103xb.o(.text)
    USB_LP_CAN1_RX0_IRQHandler               0x080001a3   Thumb Code     0  startup_stm32f103xb.o(.text)
    WWDG_IRQHandler                          0x080001a3   Thumb Code     0  startup_stm32f103xb.o(.text)
    __user_initial_stackheap                 0x080001a5   Thumb Code     0  startup_stm32f103xb.o(.text)
    __aeabi_memclr4                          0x080001c9   Thumb Code     0  rt_memclr_w.o(.text)
    __aeabi_memclr8                          0x080001c9   Thumb Code     0  rt_memclr_w.o(.text)
    __rt_memclr_w                            0x080001c9   Thumb Code    78  rt_memclr_w.o(.text)
    _memset_w                                0x080001cd   Thumb Code     0  rt_memclr_w.o(.text)
    __use_two_region_memory                  0x08000217   Thumb Code     2  heapauxi.o(.text)
    __rt_heap_escrow$2region                 0x08000219   Thumb Code     2  heapauxi.o(.text)
    __rt_heap_expand$2region                 0x0800021b   Thumb Code     2  heapauxi.o(.text)
    __user_libspace                          0x0800021d   Thumb Code     8  libspace.o(.text)
    __user_perproc_libspace                  0x0800021d   Thumb Code     0  libspace.o(.text)
    __user_perthread_libspace                0x0800021d   Thumb Code     0  libspace.o(.text)
    __user_setup_stackheap                   0x08000225   Thumb Code    74  sys_stackheap_outer.o(.text)
    exit                                     0x0800026f   Thumb Code    18  exit.o(.text)
    _sys_exit                                0x08000281   Thumb Code     8  sys_exit.o(.text)
    __I$use$semihosting                      0x0800028d   Thumb Code     0  use_no_semi.o(.text)
    __use_no_semihosting_swi                 0x0800028d   Thumb Code     2  use_no_semi.o(.text)
    __semihosting_library_function           0x0800028f   Thumb Code     0  indicate_semi.o(.text)
    Adjust_PWM_Direction                     0x08000291   Thumb Code    96  pid.o(i.Adjust_PWM_Direction)
    BusFault_Handler                         0x08000301   Thumb Code     2  stm32f1xx_it.o(i.BusFault_Handler)
    ComplementaryFilter                      0x08000305   Thumb Code    56  pid.o(i.ComplementaryFilter)
    DebugMon_Handler                         0x0800034d   Thumb Code     2  stm32f1xx_it.o(i.DebugMon_Handler)
    Error_Handler                            0x0800034f   Thumb Code     4  main.o(i.Error_Handler)
    GetMotorPulse                            0x08000355   Thumb Code    46  pid.o(i.GetMotorPulse)
    Get_MPU6050_Data                         0x08000391   Thumb Code   168  pid.o(i.Get_MPU6050_Data)
    HAL_Delay                                0x0800044d   Thumb Code    32  stm32f1xx_hal.o(i.HAL_Delay)
    HAL_GPIO_Init                            0x08000471   Thumb Code   446  stm32f1xx_hal_gpio.o(i.HAL_GPIO_Init)
    HAL_GPIO_WritePin                        0x08000651   Thumb Code    10  stm32f1xx_hal_gpio.o(i.HAL_GPIO_WritePin)
    HAL_GetTick                              0x0800065d   Thumb Code     6  stm32f1xx_hal.o(i.HAL_GetTick)
    HAL_I2C_Init                             0x08000669   Thumb Code   376  stm32f1xx_hal_i2c.o(i.HAL_I2C_Init)
    HAL_I2C_Mem_Read                         0x080007f1   Thumb Code   574  stm32f1xx_hal_i2c.o(i.HAL_I2C_Mem_Read)
    HAL_I2C_Mem_Write                        0x08000a41   Thumb Code   294  stm32f1xx_hal_i2c.o(i.HAL_I2C_Mem_Write)
    HAL_I2C_MspInit                          0x08000b71   Thumb Code    96  i2c.o(i.HAL_I2C_MspInit)
    HAL_IncTick                              0x08000be1   Thumb Code    12  stm32f1xx_hal.o(i.HAL_IncTick)
    HAL_Init                                 0x08000bf1   Thumb Code    32  stm32f1xx_hal.o(i.HAL_Init)
    HAL_InitTick                             0x08000c15   Thumb Code    54  stm32f1xx_hal.o(i.HAL_InitTick)
    HAL_MspInit                              0x08000c55   Thumb Code    52  stm32f1xx_hal_msp.o(i.HAL_MspInit)
    HAL_NVIC_SetPriority                     0x08000c91   Thumb Code    60  stm32f1xx_hal_cortex.o(i.HAL_NVIC_SetPriority)
    HAL_NVIC_SetPriorityGrouping             0x08000cd1   Thumb Code    26  stm32f1xx_hal_cortex.o(i.HAL_NVIC_SetPriorityGrouping)
    HAL_RCC_ClockConfig                      0x08000cf5   Thumb Code   280  stm32f1xx_hal_rcc.o(i.HAL_RCC_ClockConfig)
    HAL_RCC_GetPCLK1Freq                     0x08000e21   Thumb Code    20  stm32f1xx_hal_rcc.o(i.HAL_RCC_GetPCLK1Freq)
    HAL_RCC_GetPCLK2Freq                     0x08000e41   Thumb Code    20  stm32f1xx_hal_rcc.o(i.HAL_RCC_GetPCLK2Freq)
    HAL_RCC_GetSysClockFreq                  0x08000e61   Thumb Code    74  stm32f1xx_hal_rcc.o(i.HAL_RCC_GetSysClockFreq)
    HAL_RCC_OscConfig                        0x08000ecd   Thumb Code   778  stm32f1xx_hal_rcc.o(i.HAL_RCC_OscConfig)
    HAL_SYSTICK_Callback                     0x080011ed   Thumb Code     2  stm32f1xx_hal_cortex.o(i.HAL_SYSTICK_Callback)
    HAL_SYSTICK_Config                       0x080011ef   Thumb Code    40  stm32f1xx_hal_cortex.o(i.HAL_SYSTICK_Config)
    HAL_SYSTICK_IRQHandler                   0x08001217   Thumb Code     8  stm32f1xx_hal_cortex.o(i.HAL_SYSTICK_IRQHandler)
    HAL_TIMEx_MasterConfigSynchronization    0x08001221   Thumb Code    92  stm32f1xx_hal_tim_ex.o(i.HAL_TIMEx_MasterConfigSynchronization)
    HAL_TIM_Base_Init                        0x08001289   Thumb Code    90  stm32f1xx_hal_tim.o(i.HAL_TIM_Base_Init)
    HAL_TIM_Base_MspInit                     0x080012e5   Thumb Code    30  tim.o(i.HAL_TIM_Base_MspInit)
    HAL_TIM_ConfigClockSource                0x0800130d   Thumb Code   214  stm32f1xx_hal_tim.o(i.HAL_TIM_ConfigClockSource)
    HAL_TIM_Encoder_Init                     0x080013e3   Thumb Code   164  stm32f1xx_hal_tim.o(i.HAL_TIM_Encoder_Init)
    HAL_TIM_Encoder_MspInit                  0x08001489   Thumb Code   128  tim.o(i.HAL_TIM_Encoder_MspInit)
    HAL_TIM_Encoder_Start                    0x08001519   Thumb Code   142  stm32f1xx_hal_tim.o(i.HAL_TIM_Encoder_Start)
    HAL_TIM_MspPostInit                      0x080015a9   Thumb Code    64  tim.o(i.HAL_TIM_MspPostInit)
    HAL_TIM_PWM_ConfigChannel                0x080015f5   Thumb Code   198  stm32f1xx_hal_tim.o(i.HAL_TIM_PWM_ConfigChannel)
    HAL_TIM_PWM_Init                         0x080016bb   Thumb Code    90  stm32f1xx_hal_tim.o(i.HAL_TIM_PWM_Init)
    HAL_TIM_PWM_MspInit                      0x08001715   Thumb Code     2  stm32f1xx_hal_tim.o(i.HAL_TIM_PWM_MspInit)
    HAL_TIM_PWM_Start                        0x08001719   Thumb Code   144  stm32f1xx_hal_tim.o(i.HAL_TIM_PWM_Start)
    HAL_UART_Init                            0x080017b5   Thumb Code    98  stm32f1xx_hal_uart.o(i.HAL_UART_Init)
    HAL_UART_MspInit                         0x08001819   Thumb Code   100  usart.o(i.HAL_UART_MspInit)
    HardFault_Handler                        0x08001889   Thumb Code     2  stm32f1xx_it.o(i.HardFault_Handler)
    MPU_Get_Accelerometer                    0x08001c59   Thumb Code    48  mpu6050.o(i.MPU_Get_Accelerometer)
    MPU_Get_Gyroscope                        0x08001c89   Thumb Code    48  mpu6050.o(i.MPU_Get_Gyroscope)
    MPU_Init                                 0x08001cb9   Thumb Code   114  mpu6050.o(i.MPU_Init)
    MPU_Read_Byte                            0x08001d31   Thumb Code    46  mpu6050.o(i.MPU_Read_Byte)
    MPU_Read_Len                             0x08001d65   Thumb Code    28  mpu6050.o(i.MPU_Read_Len)
    MPU_Set_Accel_Fsr                        0x08001d85   Thumb Code    10  mpu6050.o(i.MPU_Set_Accel_Fsr)
    MPU_Set_Gyro_Fsr                         0x08001d8f   Thumb Code    10  mpu6050.o(i.MPU_Set_Gyro_Fsr)
    MPU_Set_LPF                              0x08001d99   Thumb Code    48  mpu6050.o(i.MPU_Set_LPF)
    MPU_Set_Rate                             0x08001dc9   Thumb Code    46  mpu6050.o(i.MPU_Set_Rate)
    MPU_Write_Byte                           0x08001df9   Thumb Code    42  mpu6050.o(i.MPU_Write_Byte)
    MX_GPIO_Init                             0x08001e29   Thumb Code   232  gpio.o(i.MX_GPIO_Init)
    MX_I2C1_Init                             0x08001f25   Thumb Code    50  i2c.o(i.MX_I2C1_Init)
    MX_TIM2_Init                             0x08001f65   Thumb Code   102  tim.o(i.MX_TIM2_Init)
    MX_TIM3_Init                             0x08001fd1   Thumb Code   162  tim.o(i.MX_TIM3_Init)
    MX_TIM4_Init                             0x0800207d   Thumb Code   100  tim.o(i.MX_TIM4_Init)
    MX_USART1_UART_Init                      0x080020e9   Thumb Code    48  usart.o(i.MX_USART1_UART_Init)
    MemManage_Handler                        0x08002121   Thumb Code     2  stm32f1xx_it.o(i.MemManage_Handler)
    NMI_Handler                              0x08002123   Thumb Code     2  stm32f1xx_it.o(i.NMI_Handler)
    PD_angle_control                         0x08002125   Thumb Code    42  pid.o(i.PD_angle_control)
    PI_speed_control                         0x08002155   Thumb Code   162  pid.o(i.PI_speed_control)
    PI_speed_control_smothly                 0x0800220d   Thumb Code    48  pid.o(i.PI_speed_control_smothly)
    PendSV_Handler                           0x08002245   Thumb Code     2  stm32f1xx_it.o(i.PendSV_Handler)
    SVC_Handler                              0x08002247   Thumb Code     2  stm32f1xx_it.o(i.SVC_Handler)
    SetMotor_PWM_Direction                   0x08002249   Thumb Code   136  pid.o(i.SetMotor_PWM_Direction)
    SysTick_Handler                          0x080022dd   Thumb Code   102  stm32f1xx_it.o(i.SysTick_Handler)
    SystemClock_Config                       0x0800234d   Thumb Code    94  main.o(i.SystemClock_Config)
    SystemInit                               0x080023ab   Thumb Code     2  system_stm32f1xx.o(i.SystemInit)
    TIM_Base_SetConfig                       0x080023ad   Thumb Code    94  stm32f1xx_hal_tim.o(i.TIM_Base_SetConfig)
    TIM_CCxChannelCmd                        0x08002419   Thumb Code    26  stm32f1xx_hal_tim.o(i.TIM_CCxChannelCmd)
    TIM_ETR_SetConfig                        0x08002433   Thumb Code    20  stm32f1xx_hal_tim.o(i.TIM_ETR_SetConfig)
    TIM_OC2_SetConfig                        0x080024a9   Thumb Code    84  stm32f1xx_hal_tim.o(i.TIM_OC2_SetConfig)
    UsageFault_Handler                       0x0800269d   Thumb Code     2  stm32f1xx_it.o(i.UsageFault_Handler)
    __ARM_fpclassify                         0x0800269f   Thumb Code    40  fpclassify.o(i.__ARM_fpclassify)
    __kernel_poly                            0x080026e7   Thumb Code   170  poly.o(i.__kernel_poly)
    __mathlib_dbl_infnan                     0x08002791   Thumb Code     6  dunder.o(i.__mathlib_dbl_infnan)
    __mathlib_dbl_infnan2                    0x08002797   Thumb Code     4  dunder.o(i.__mathlib_dbl_infnan2)
    __mathlib_dbl_underflow                  0x0800279d   Thumb Code    10  dunder.o(i.__mathlib_dbl_underflow)
    atan                                     0x080027ad   Thumb Code   474  atan.o(i.atan)
    atan2                                    0x080029cd   Thumb Code   346  atan2.o(i.atan2)
    main                                     0x08002b4d   Thumb Code    84  main.o(i.main)
    __aeabi_d2f                              0x08002bb1   Thumb Code     0  d2f.o(x$fpl$d2f)
    _d2f                                     0x08002bb1   Thumb Code    98  d2f.o(x$fpl$d2f)
    __aeabi_dadd                             0x08002c15   Thumb Code     0  daddsub_clz.o(x$fpl$dadd)
    _dadd                                    0x08002c15   Thumb Code   332  daddsub_clz.o(x$fpl$dadd)
    __fpl_dcheck_NaN1                        0x08002d65   Thumb Code    10  dcheck1.o(x$fpl$dcheck1)
    __aeabi_ddiv                             0x08002d75   Thumb Code     0  ddiv.o(x$fpl$ddiv)
    _ddiv                                    0x08002d75   Thumb Code   552  ddiv.o(x$fpl$ddiv)
    __aeabi_i2d                              0x08003025   Thumb Code     0  dflt_clz.o(x$fpl$dflt)
    _dflt                                    0x08003025   Thumb Code    46  dflt_clz.o(x$fpl$dflt)
    __aeabi_dmul                             0x08003055   Thumb Code     0  dmul.o(x$fpl$dmul)
    _dmul                                    0x08003055   Thumb Code   332  dmul.o(x$fpl$dmul)
    __fpl_dnaninf                            0x080031a9   Thumb Code   156  dnaninf.o(x$fpl$dnaninf)
    __fpl_dretinf                            0x08003245   Thumb Code    12  dretinf.o(x$fpl$dretinf)
    __aeabi_drsub                            0x08003251   Thumb Code     0  daddsub_clz.o(x$fpl$drsb)
    _drsb                                    0x08003251   Thumb Code    22  daddsub_clz.o(x$fpl$drsb)
    __aeabi_dsub                             0x08003269   Thumb Code     0  daddsub_clz.o(x$fpl$dsub)
    _dsub                                    0x08003269   Thumb Code   464  daddsub_clz.o(x$fpl$dsub)
    __aeabi_f2d                              0x0800343d   Thumb Code     0  f2d.o(x$fpl$f2d)
    _f2d                                     0x0800343d   Thumb Code    86  f2d.o(x$fpl$f2d)
    __aeabi_fadd                             0x08003495   Thumb Code     0  faddsub_clz.o(x$fpl$fadd)
    _fadd                                    0x08003495   Thumb Code   196  faddsub_clz.o(x$fpl$fadd)
    __aeabi_fdiv                             0x08003559   Thumb Code     0  fdiv.o(x$fpl$fdiv)
    _fdiv                                    0x08003559   Thumb Code   384  fdiv.o(x$fpl$fdiv)
    __aeabi_f2iz                             0x080036dd   Thumb Code     0  ffix.o(x$fpl$ffix)
    _ffix                                    0x080036dd   Thumb Code    54  ffix.o(x$fpl$ffix)
    __aeabi_ui2f                             0x08003715   Thumb Code     0  fflt_clz.o(x$fpl$ffltu)
    _ffltu                                   0x08003715   Thumb Code    38  fflt_clz.o(x$fpl$ffltu)
    __aeabi_fmul                             0x0800373d   Thumb Code     0  fmul.o(x$fpl$fmul)
    _fmul                                    0x0800373d   Thumb Code   258  fmul.o(x$fpl$fmul)
    __fpl_fnaninf                            0x0800383f   Thumb Code   140  fnaninf.o(x$fpl$fnaninf)
    __fpl_fretinf                            0x080038cb   Thumb Code    10  fretinf.o(x$fpl$fretinf)
    __aeabi_fsub                             0x080038d5   Thumb Code     0  faddsub_clz.o(x$fpl$fsub)
    _fsub                                    0x080038d5   Thumb Code   234  faddsub_clz.o(x$fpl$fsub)
    __fpl_return_NaN                         0x080039bf   Thumb Code   100  retnan.o(x$fpl$retnan)
    __ARM_scalbn                             0x08003a23   Thumb Code    92  scalbn.o(x$fpl$scalbn)
    __fpl_cmpreturn                          0x08003a7f   Thumb Code    48  trapv.o(x$fpl$trapveneer)
    AHBPrescTable                            0x08003aae   Data          16  system_stm32f1xx.o(.constdata)
    __I$use$fp                               0x08003aae   Number         0  usenofp.o(x$fpl$usenofp)
    APBPrescTable                            0x08003abe   Data           8  system_stm32f1xx.o(.constdata)
    __mathlib_zero                           0x08003b60   Data           8  qnan.o(.constdata)
    Region$$Table$$Base                      0x08003b68   Number         0  anon$$obj.o(Region$$Table)
    Region$$Table$$Limit                     0x08003b88   Number         0  anon$$obj.o(Region$$Table)
    counter                                  0x20000000   Data           2  pid.o(.data)
    speedCounter                             0x20000004   Data           2  pid.o(.data)
    accex                                    0x20000006   Data           2  pid.o(.data)
    accey                                    0x20000008   Data           2  pid.o(.data)
    accez                                    0x2000000a   Data           2  pid.o(.data)
    gyrox                                    0x2000000c   Data           2  pid.o(.data)
    gyroy                                    0x2000000e   Data           2  pid.o(.data)
    gyroz                                    0x20000010   Data           2  pid.o(.data)
    countLeftPulse_Sum                       0x20000014   Data           4  pid.o(.data)
    countRightPulse_Sum                      0x20000018   Data           4  pid.o(.data)
    zeroAngle                                0x2000001c   Data           4  pid.o(.data)
    P_angle                                  0x20000020   Data           4  pid.o(.data)
    D_angle                                  0x20000024   Data           4  pid.o(.data)
    P_speed                                  0x20000028   Data           4  pid.o(.data)
    I_speed                                  0x2000002c   Data           4  pid.o(.data)
    PD_angle_result                          0x20000030   Data           4  pid.o(.data)
    PI_speed_result                          0x20000034   Data           4  pid.o(.data)
    PI_speed_result_old                      0x20000038   Data           4  pid.o(.data)
    PI_speed_result_part                     0x2000003c   Data           4  pid.o(.data)
    leftPWM                                  0x20000040   Data           4  pid.o(.data)
    rightPWM                                 0x20000044   Data           4  pid.o(.data)
    measureSpeed                             0x20000048   Data           4  pid.o(.data)
    smothSpeed                               0x2000004c   Data           4  pid.o(.data)
    oldSpeed                                 0x20000050   Data           4  pid.o(.data)
    integral                                 0x20000054   Data           4  pid.o(.data)
    distance                                 0x20000058   Data           4  pid.o(.data)
    countLeftPulse                           0x2000005c   Data           4  pid.o(.data)
    countRightPulse                          0x20000060   Data           4  pid.o(.data)
    angle                                    0x20000064   Data           4  pid.o(.data)
    angularVelocity                          0x20000068   Data           4  pid.o(.data)
    f_accex                                  0x2000006c   Data           4  pid.o(.data)
    f_accez                                  0x20000070   Data           4  pid.o(.data)
    kalmen                                   0x20000074   Data          60  pid.o(.data)
    uwTickFreq                               0x200000b0   Data           1  stm32f1xx_hal.o(.data)
    uwTickPrio                               0x200000b4   Data           4  stm32f1xx_hal.o(.data)
    uwTick                                   0x200000b8   Data           4  stm32f1xx_hal.o(.data)
    SystemCoreClock                          0x200000bc   Data           4  system_stm32f1xx.o(.data)
    hi2c1                                    0x200000c0   Data          84  i2c.o(.bss)
    htim2                                    0x20000114   Data          72  tim.o(.bss)
    htim3                                    0x2000015c   Data          72  tim.o(.bss)
    htim4                                    0x200001a4   Data          72  tim.o(.bss)
    huart1                                   0x200001ec   Data          68  usart.o(.bss)
    __libspace_start                         0x20000230   Data          96  libspace.o(.bss)
    __temporary_stack_top$libspace           0x20000290   Data           0  libspace.o(.bss)



==============================================================================

Memory Map of the image

  Image Entry point : 0x080000ed

  Load Region LR_IROM1 (Base: 0x08000000, Size: 0x00003c48, Max: 0x00010000, ABSOLUTE)

    Execution Region ER_IROM1 (Base: 0x08000000, Size: 0x00003b88, Max: 0x00010000, ABSOLUTE)

    Base Addr    Size         Type   Attr      Idx    E Section Name        Object

    0x08000000   0x000000ec   Data   RO            3    RESET               startup_stm32f103xb.o
    0x080000ec   0x00000008   Code   RO         3527  * !!!main             c_w.l(__main.o)
    0x080000f4   0x00000034   Code   RO         3950    !!!scatter          c_w.l(__scatter.o)
    0x08000128   0x0000001a   Code   RO         3952    !!handler_copy      c_w.l(__scatter_copy.o)
    0x08000142   0x00000002   PAD
    0x08000144   0x0000001c   Code   RO         3954    !!handler_zi        c_w.l(__scatter_zi.o)
    0x08000160   0x00000002   Code   RO         3814    .ARM.Collect$$libinit$$00000000  c_w.l(libinit.o)
    0x08000162   0x00000000   Code   RO         3827    .ARM.Collect$$libinit$$00000002  c_w.l(libinit2.o)
    0x08000162   0x00000000   Code   RO         3829    .ARM.Collect$$libinit$$00000004  c_w.l(libinit2.o)
    0x08000162   0x00000000   Code   RO         3832    .ARM.Collect$$libinit$$0000000A  c_w.l(libinit2.o)
    0x08000162   0x00000000   Code   RO         3834    .ARM.Collect$$libinit$$0000000C  c_w.l(libinit2.o)
    0x08000162   0x00000000   Code   RO         3836    .ARM.Collect$$libinit$$0000000E  c_w.l(libinit2.o)
    0x08000162   0x00000000   Code   RO         3839    .ARM.Collect$$libinit$$00000011  c_w.l(libinit2.o)
    0x08000162   0x00000000   Code   RO         3841    .ARM.Collect$$libinit$$00000013  c_w.l(libinit2.o)
    0x08000162   0x00000000   Code   RO         3843    .ARM.Collect$$libinit$$00000015  c_w.l(libinit2.o)
    0x08000162   0x00000000   Code   RO         3845    .ARM.Collect$$libinit$$00000017  c_w.l(libinit2.o)
    0x08000162   0x00000000   Code   RO         3847    .ARM.Collect$$libinit$$00000019  c_w.l(libinit2.o)
    0x08000162   0x00000000   Code   RO         3849    .ARM.Collect$$libinit$$0000001B  c_w.l(libinit2.o)
    0x08000162   0x00000000   Code   RO         3851    .ARM.Collect$$libinit$$0000001D  c_w.l(libinit2.o)
    0x08000162   0x00000000   Code   RO         3853    .ARM.Collect$$libinit$$0000001F  c_w.l(libinit2.o)
    0x08000162   0x00000000   Code   RO         3855    .ARM.Collect$$libinit$$00000021  c_w.l(libinit2.o)
    0x08000162   0x00000000   Code   RO         3857    .ARM.Collect$$libinit$$00000023  c_w.l(libinit2.o)
    0x08000162   0x00000000   Code   RO         3859    .ARM.Collect$$libinit$$00000025  c_w.l(libinit2.o)
    0x08000162   0x00000000   Code   RO         3863    .ARM.Collect$$libinit$$0000002C  c_w.l(libinit2.o)
    0x08000162   0x00000000   Code   RO         3865    .ARM.Collect$$libinit$$0000002E  c_w.l(libinit2.o)
    0x08000162   0x00000000   Code   RO         3867    .ARM.Collect$$libinit$$00000030  c_w.l(libinit2.o)
    0x08000162   0x00000000   Code   RO         3869    .ARM.Collect$$libinit$$00000032  c_w.l(libinit2.o)
    0x08000162   0x00000002   Code   RO         3870    .ARM.Collect$$libinit$$00000033  c_w.l(libinit2.o)
    0x08000164   0x00000002   Code   RO         3890    .ARM.Collect$$libshutdown$$00000000  c_w.l(libshutdown.o)
    0x08000166   0x00000000   Code   RO         3903    .ARM.Collect$$libshutdown$$00000002  c_w.l(libshutdown2.o)
    0x08000166   0x00000000   Code   RO         3905    .ARM.Collect$$libshutdown$$00000004  c_w.l(libshutdown2.o)
    0x08000166   0x00000000   Code   RO         3908    .ARM.Collect$$libshutdown$$00000007  c_w.l(libshutdown2.o)
    0x08000166   0x00000000   Code   RO         3911    .ARM.Collect$$libshutdown$$0000000A  c_w.l(libshutdown2.o)
    0x08000166   0x00000000   Code   RO         3913    .ARM.Collect$$libshutdown$$0000000C  c_w.l(libshutdown2.o)
    0x08000166   0x00000000   Code   RO         3916    .ARM.Collect$$libshutdown$$0000000F  c_w.l(libshutdown2.o)
    0x08000166   0x00000002   Code   RO         3917    .ARM.Collect$$libshutdown$$00000010  c_w.l(libshutdown2.o)
    0x08000168   0x00000000   Code   RO         3583    .ARM.Collect$$rtentry$$00000000  c_w.l(__rtentry.o)
    0x08000168   0x00000000   Code   RO         3722    .ARM.Collect$$rtentry$$00000002  c_w.l(__rtentry2.o)
    0x08000168   0x00000006   Code   RO         3734    .ARM.Collect$$rtentry$$00000004  c_w.l(__rtentry4.o)
    0x0800016e   0x00000000   Code   RO         3724    .ARM.Collect$$rtentry$$00000009  c_w.l(__rtentry2.o)
    0x0800016e   0x00000004   Code   RO         3725    .ARM.Collect$$rtentry$$0000000A  c_w.l(__rtentry2.o)
    0x08000172   0x00000000   Code   RO         3727    .ARM.Collect$$rtentry$$0000000C  c_w.l(__rtentry2.o)
    0x08000172   0x00000008   Code   RO         3728    .ARM.Collect$$rtentry$$0000000D  c_w.l(__rtentry2.o)
    0x0800017a   0x00000002   Code   RO         3819    .ARM.Collect$$rtexit$$00000000  c_w.l(rtexit.o)
    0x0800017c   0x00000000   Code   RO         3872    .ARM.Collect$$rtexit$$00000002  c_w.l(rtexit2.o)
    0x0800017c   0x00000004   Code   RO         3873    .ARM.Collect$$rtexit$$00000003  c_w.l(rtexit2.o)
    0x08000180   0x00000006   Code   RO         3874    .ARM.Collect$$rtexit$$00000004  c_w.l(rtexit2.o)
    0x08000186   0x00000002   PAD
    0x08000188   0x00000040   Code   RO            4    .text               startup_stm32f103xb.o
    0x080001c8   0x0000004e   Code   RO         3523    .text               c_w.l(rt_memclr_w.o)
    0x08000216   0x00000006   Code   RO         3525    .text               c_w.l(heapauxi.o)
    0x0800021c   0x00000008   Code   RO         3765    .text               c_w.l(libspace.o)
    0x08000224   0x0000004a   Code   RO         3768    .text               c_w.l(sys_stackheap_outer.o)
    0x0800026e   0x00000012   Code   RO         3807    .text               c_w.l(exit.o)
    0x08000280   0x0000000c   Code   RO         3882    .text               c_w.l(sys_exit.o)
    0x0800028c   0x00000002   Code   RO         3893    .text               c_w.l(use_no_semi.o)
    0x0800028e   0x00000000   Code   RO         3895    .text               c_w.l(indicate_semi.o)
    0x0800028e   0x00000002   PAD
    0x08000290   0x00000070   Code   RO          191    i.Adjust_PWM_Direction  pid.o
    0x08000300   0x00000002   Code   RO          604    i.BusFault_Handler  stm32f1xx_it.o
    0x08000302   0x00000002   PAD
    0x08000304   0x00000048   Code   RO          192    i.ComplementaryFilter  pid.o
    0x0800034c   0x00000002   Code   RO          605    i.DebugMon_Handler  stm32f1xx_it.o
    0x0800034e   0x00000004   Code   RO          378    i.Error_Handler     main.o
    0x08000352   0x00000002   PAD
    0x08000354   0x0000003c   Code   RO          193    i.GetMotorPulse     pid.o
    0x08000390   0x000000bc   Code   RO          194    i.Get_MPU6050_Data  pid.o
    0x0800044c   0x00000024   Code   RO         1182    i.HAL_Delay         stm32f1xx_hal.o
    0x08000470   0x000001e0   Code   RO         1490    i.HAL_GPIO_Init     stm32f1xx_hal_gpio.o
    0x08000650   0x0000000a   Code   RO         1494    i.HAL_GPIO_WritePin  stm32f1xx_hal_gpio.o
    0x0800065a   0x00000002   PAD
    0x0800065c   0x0000000c   Code   RO         1186    i.HAL_GetTick       stm32f1xx_hal.o
    0x08000668   0x00000188   Code   RO          754    i.HAL_I2C_Init      stm32f1xx_hal_i2c.o
    0x080007f0   0x00000250   Code   RO          772    i.HAL_I2C_Mem_Read  stm32f1xx_hal_i2c.o
    0x08000a40   0x00000130   Code   RO          775    i.HAL_I2C_Mem_Write  stm32f1xx_hal_i2c.o
    0x08000b70   0x00000070   Code   RO          449    i.HAL_I2C_MspInit   i2c.o
    0x08000be0   0x00000010   Code   RO         1192    i.HAL_IncTick       stm32f1xx_hal.o
    0x08000bf0   0x00000024   Code   RO         1193    i.HAL_Init          stm32f1xx_hal.o
    0x08000c14   0x00000040   Code   RO         1194    i.HAL_InitTick      stm32f1xx_hal.o
    0x08000c54   0x0000003c   Code   RO          683    i.HAL_MspInit       stm32f1xx_hal_msp.o
    0x08000c90   0x00000040   Code   RO         1656    i.HAL_NVIC_SetPriority  stm32f1xx_hal_cortex.o
    0x08000cd0   0x00000024   Code   RO         1657    i.HAL_NVIC_SetPriorityGrouping  stm32f1xx_hal_cortex.o
    0x08000cf4   0x0000012c   Code   RO         1350    i.HAL_RCC_ClockConfig  stm32f1xx_hal_rcc.o
    0x08000e20   0x00000020   Code   RO         1357    i.HAL_RCC_GetPCLK1Freq  stm32f1xx_hal_rcc.o
    0x08000e40   0x00000020   Code   RO         1358    i.HAL_RCC_GetPCLK2Freq  stm32f1xx_hal_rcc.o
    0x08000e60   0x0000006c   Code   RO         1359    i.HAL_RCC_GetSysClockFreq  stm32f1xx_hal_rcc.o
    0x08000ecc   0x00000320   Code   RO         1362    i.HAL_RCC_OscConfig  stm32f1xx_hal_rcc.o
    0x080011ec   0x00000002   Code   RO         1660    i.HAL_SYSTICK_Callback  stm32f1xx_hal_cortex.o
    0x080011ee   0x00000028   Code   RO         1661    i.HAL_SYSTICK_Config  stm32f1xx_hal_cortex.o
    0x08001216   0x00000008   Code   RO         1662    i.HAL_SYSTICK_IRQHandler  stm32f1xx_hal_cortex.o
    0x0800121e   0x00000002   PAD
    0x08001220   0x00000068   Code   RO         2875    i.HAL_TIMEx_MasterConfigSynchronization  stm32f1xx_hal_tim_ex.o
    0x08001288   0x0000005a   Code   RO         2152    i.HAL_TIM_Base_Init  stm32f1xx_hal_tim.o
    0x080012e2   0x00000002   PAD
    0x080012e4   0x00000028   Code   RO          491    i.HAL_TIM_Base_MspInit  tim.o
    0x0800130c   0x000000d6   Code   RO         2161    i.HAL_TIM_ConfigClockSource  stm32f1xx_hal_tim.o
    0x080013e2   0x000000a4   Code   RO         2173    i.HAL_TIM_Encoder_Init  stm32f1xx_hal_tim.o
    0x08001486   0x00000002   PAD
    0x08001488   0x00000090   Code   RO          493    i.HAL_TIM_Encoder_MspInit  tim.o
    0x08001518   0x0000008e   Code   RO         2176    i.HAL_TIM_Encoder_Start  stm32f1xx_hal_tim.o
    0x080015a6   0x00000002   PAD
    0x080015a8   0x0000004c   Code   RO          494    i.HAL_TIM_MspPostInit  tim.o
    0x080015f4   0x000000c6   Code   RO         2224    i.HAL_TIM_PWM_ConfigChannel  stm32f1xx_hal_tim.o
    0x080016ba   0x0000005a   Code   RO         2227    i.HAL_TIM_PWM_Init  stm32f1xx_hal_tim.o
    0x08001714   0x00000002   Code   RO         2229    i.HAL_TIM_PWM_MspInit  stm32f1xx_hal_tim.o
    0x08001716   0x00000002   PAD
    0x08001718   0x0000009c   Code   RO         2232    i.HAL_TIM_PWM_Start  stm32f1xx_hal_tim.o
    0x080017b4   0x00000062   Code   RO         3152    i.HAL_UART_Init     stm32f1xx_hal_uart.o
    0x08001816   0x00000002   PAD
    0x08001818   0x00000070   Code   RO          563    i.HAL_UART_MspInit  usart.o
    0x08001888   0x00000002   Code   RO          606    i.HardFault_Handler  stm32f1xx_it.o
    0x0800188a   0x0000002e   Code   RO          796    i.I2C_IsAcknowledgeFailed  stm32f1xx_hal_i2c.o
    0x080018b8   0x000000fc   Code   RO          806    i.I2C_RequestMemoryRead  stm32f1xx_hal_i2c.o
    0x080019b4   0x000000a8   Code   RO          807    i.I2C_RequestMemoryWrite  stm32f1xx_hal_i2c.o
    0x08001a5c   0x0000004c   Code   RO          811    i.I2C_WaitOnBTFFlagUntilTimeout  stm32f1xx_hal_i2c.o
    0x08001aa8   0x00000068   Code   RO          812    i.I2C_WaitOnFlagUntilTimeout  stm32f1xx_hal_i2c.o
    0x08001b10   0x00000096   Code   RO          813    i.I2C_WaitOnMasterAddressFlagUntilTimeout  stm32f1xx_hal_i2c.o
    0x08001ba6   0x00000066   Code   RO          814    i.I2C_WaitOnRXNEFlagUntilTimeout  stm32f1xx_hal_i2c.o
    0x08001c0c   0x0000004c   Code   RO          815    i.I2C_WaitOnTXEFlagUntilTimeout  stm32f1xx_hal_i2c.o
    0x08001c58   0x00000030   Code   RO           13    i.MPU_Get_Accelerometer  mpu6050.o
    0x08001c88   0x00000030   Code   RO           14    i.MPU_Get_Gyroscope  mpu6050.o
    0x08001cb8   0x00000078   Code   RO           16    i.MPU_Init          mpu6050.o
    0x08001d30   0x00000034   Code   RO           17    i.MPU_Read_Byte     mpu6050.o
    0x08001d64   0x00000020   Code   RO           18    i.MPU_Read_Len      mpu6050.o
    0x08001d84   0x0000000a   Code   RO           19    i.MPU_Set_Accel_Fsr  mpu6050.o
    0x08001d8e   0x0000000a   Code   RO           20    i.MPU_Set_Gyro_Fsr  mpu6050.o
    0x08001d98   0x00000030   Code   RO           21    i.MPU_Set_LPF       mpu6050.o
    0x08001dc8   0x0000002e   Code   RO           22    i.MPU_Set_Rate      mpu6050.o
    0x08001df6   0x00000002   PAD
    0x08001df8   0x00000030   Code   RO           23    i.MPU_Write_Byte    mpu6050.o
    0x08001e28   0x000000fc   Code   RO          424    i.MX_GPIO_Init      gpio.o
    0x08001f24   0x00000040   Code   RO          450    i.MX_I2C1_Init      i2c.o
    0x08001f64   0x0000006c   Code   RO          495    i.MX_TIM2_Init      tim.o
    0x08001fd0   0x000000ac   Code   RO          496    i.MX_TIM3_Init      tim.o
    0x0800207c   0x0000006c   Code   RO          497    i.MX_TIM4_Init      tim.o
    0x080020e8   0x00000038   Code   RO          564    i.MX_USART1_UART_Init  usart.o
    0x08002120   0x00000002   Code   RO          607    i.MemManage_Handler  stm32f1xx_it.o
    0x08002122   0x00000002   Code   RO          608    i.NMI_Handler       stm32f1xx_it.o
    0x08002124   0x00000030   Code   RO          196    i.PD_angle_control  pid.o
    0x08002154   0x000000b8   Code   RO          197    i.PI_speed_control  pid.o
    0x0800220c   0x00000038   Code   RO          198    i.PI_speed_control_smothly  pid.o
    0x08002244   0x00000002   Code   RO          609    i.PendSV_Handler    stm32f1xx_it.o
    0x08002246   0x00000002   Code   RO          610    i.SVC_Handler       stm32f1xx_it.o
    0x08002248   0x00000094   Code   RO          199    i.SetMotor_PWM_Direction  pid.o
    0x080022dc   0x00000070   Code   RO          611    i.SysTick_Handler   stm32f1xx_it.o
    0x0800234c   0x0000005e   Code   RO          380    i.SystemClock_Config  main.o
    0x080023aa   0x00000002   Code   RO         3481    i.SystemInit        system_stm32f1xx.o
    0x080023ac   0x0000006c   Code   RO         2245    i.TIM_Base_SetConfig  stm32f1xx_hal_tim.o
    0x08002418   0x0000001a   Code   RO         2246    i.TIM_CCxChannelCmd  stm32f1xx_hal_tim.o
    0x08002432   0x00000014   Code   RO         2256    i.TIM_ETR_SetConfig  stm32f1xx_hal_tim.o
    0x08002446   0x00000010   Code   RO         2257    i.TIM_ITRx_SetConfig  stm32f1xx_hal_tim.o
    0x08002456   0x00000002   PAD
    0x08002458   0x00000050   Code   RO         2258    i.TIM_OC1_SetConfig  stm32f1xx_hal_tim.o
    0x080024a8   0x00000058   Code   RO         2259    i.TIM_OC2_SetConfig  stm32f1xx_hal_tim.o
    0x08002500   0x00000058   Code   RO         2260    i.TIM_OC3_SetConfig  stm32f1xx_hal_tim.o
    0x08002558   0x00000044   Code   RO         2261    i.TIM_OC4_SetConfig  stm32f1xx_hal_tim.o
    0x0800259c   0x00000022   Code   RO         2263    i.TIM_TI1_ConfigInputStage  stm32f1xx_hal_tim.o
    0x080025be   0x00000024   Code   RO         2265    i.TIM_TI2_ConfigInputStage  stm32f1xx_hal_tim.o
    0x080025e2   0x00000002   PAD
    0x080025e4   0x000000b8   Code   RO         3178    i.UART_SetConfig    stm32f1xx_hal_uart.o
    0x0800269c   0x00000002   Code   RO          612    i.UsageFault_Handler  stm32f1xx_it.o
    0x0800269e   0x00000028   Code   RO         3761    i.__ARM_fpclassify  m_ws.l(fpclassify.o)
    0x080026c6   0x00000020   Code   RO         1663    i.__NVIC_SetPriority  stm32f1xx_hal_cortex.o
    0x080026e6   0x000000aa   Code   RO         3763    i.__kernel_poly     m_ws.l(poly.o)
    0x08002790   0x00000006   Code   RO         3707    i.__mathlib_dbl_infnan  m_ws.l(dunder.o)
    0x08002796   0x00000004   Code   RO         3708    i.__mathlib_dbl_infnan2  m_ws.l(dunder.o)
    0x0800279a   0x00000002   PAD
    0x0800279c   0x00000010   Code   RO         3712    i.__mathlib_dbl_underflow  m_ws.l(dunder.o)
    0x080027ac   0x00000220   Code   RO         3697    i.atan              m_ws.l(atan.o)
    0x080029cc   0x00000180   Code   RO         3576    i.atan2             m_ws.l(atan2.o)
    0x08002b4c   0x00000064   Code   RO          381    i.main              main.o
    0x08002bb0   0x00000062   Code   RO         3529    x$fpl$d2f           fz_ws.l(d2f.o)
    0x08002c12   0x00000002   PAD
    0x08002c14   0x00000150   Code   RO         3531    x$fpl$dadd          fz_ws.l(daddsub_clz.o)
    0x08002d64   0x00000010   Code   RO         3677    x$fpl$dcheck1       fz_ws.l(dcheck1.o)
    0x08002d74   0x000002b0   Code   RO         3538    x$fpl$ddiv          fz_ws.l(ddiv.o)
    0x08003024   0x0000002e   Code   RO         3542    x$fpl$dflt          fz_ws.l(dflt_clz.o)
    0x08003052   0x00000002   PAD
    0x08003054   0x00000154   Code   RO         3547    x$fpl$dmul          fz_ws.l(dmul.o)
    0x080031a8   0x0000009c   Code   RO         3679    x$fpl$dnaninf       fz_ws.l(dnaninf.o)
    0x08003244   0x0000000c   Code   RO         3681    x$fpl$dretinf       fz_ws.l(dretinf.o)
    0x08003250   0x00000016   Code   RO         3532    x$fpl$drsb          fz_ws.l(daddsub_clz.o)
    0x08003266   0x00000002   PAD
    0x08003268   0x000001d4   Code   RO         3533    x$fpl$dsub          fz_ws.l(daddsub_clz.o)
    0x0800343c   0x00000056   Code   RO         3549    x$fpl$f2d           fz_ws.l(f2d.o)
    0x08003492   0x00000002   PAD
    0x08003494   0x000000c4   Code   RO         3551    x$fpl$fadd          fz_ws.l(faddsub_clz.o)
    0x08003558   0x00000184   Code   RO         3558    x$fpl$fdiv          fz_ws.l(fdiv.o)
    0x080036dc   0x00000036   Code   RO         3561    x$fpl$ffix          fz_ws.l(ffix.o)
    0x08003712   0x00000002   PAD
    0x08003714   0x00000026   Code   RO         3565    x$fpl$ffltu         fz_ws.l(fflt_clz.o)
    0x0800373a   0x00000002   PAD
    0x0800373c   0x00000102   Code   RO         3571    x$fpl$fmul          fz_ws.l(fmul.o)
    0x0800383e   0x0000008c   Code   RO         3683    x$fpl$fnaninf       fz_ws.l(fnaninf.o)
    0x080038ca   0x0000000a   Code   RO         3685    x$fpl$fretinf       fz_ws.l(fretinf.o)
    0x080038d4   0x000000ea   Code   RO         3553    x$fpl$fsub          fz_ws.l(faddsub_clz.o)
    0x080039be   0x00000064   Code   RO         3759    x$fpl$retnan        fz_ws.l(retnan.o)
    0x08003a22   0x0000005c   Code   RO         3573    x$fpl$scalbn        fz_ws.l(scalbn.o)
    0x08003a7e   0x00000030   Code   RO         3817    x$fpl$trapveneer    fz_ws.l(trapv.o)
    0x08003aae   0x00000000   Code   RO         3695    x$fpl$usenofp       fz_ws.l(usenofp.o)
    0x08003aae   0x00000010   Data   RO         3482    .constdata          system_stm32f1xx.o
    0x08003abe   0x00000008   Data   RO         3483    .constdata          system_stm32f1xx.o
    0x08003ac6   0x00000002   PAD
    0x08003ac8   0x00000098   Data   RO         3698    .constdata          m_ws.l(atan.o)
    0x08003b60   0x00000008   Data   RO         3720    .constdata          m_ws.l(qnan.o)
    0x08003b68   0x00000020   Data   RO         3948    Region$$Table       anon$$obj.o


    Execution Region RW_IRAM1 (Base: 0x20000000, Size: 0x00000890, Max: 0x00005000, ABSOLUTE)

    Base Addr    Size         Type   Attr      Idx    E Section Name        Object

    0x20000000   0x00000002   Data   RW          200    .data               pid.o
    0x20000002   0x00000002   PAD
    0x20000004   0x000000ac   Data   RW          201    .data               pid.o
    0x200000b0   0x0000000c   Data   RW         1200    .data               stm32f1xx_hal.o
    0x200000bc   0x00000004   Data   RW         3484    .data               system_stm32f1xx.o
    0x200000c0   0x00000054   Zero   RW          451    .bss                i2c.o
    0x20000114   0x000000d8   Zero   RW          498    .bss                tim.o
    0x200001ec   0x00000044   Zero   RW          565    .bss                usart.o
    0x20000230   0x00000060   Zero   RW         3766    .bss                c_w.l(libspace.o)
    0x20000290   0x00000200   Zero   RW            2    HEAP                startup_stm32f103xb.o
    0x20000490   0x00000400   Zero   RW            1    STACK               startup_stm32f103xb.o


==============================================================================

Image component sizes


      Code (inc. data)   RO Data    RW Data    ZI Data      Debug   Object Name

       252         20          0          0          0        987   gpio.o
       176         30          0          0         84       1645   i2c.o
       198         16          0          0          0       1916   main.o
       462         22          0          0          0     439151   mpu6050.o
       868        114          0        174          0       6647   pid.o
        64         26        236          0       1536        808   startup_stm32f103xb.o
       164         28          0         12          0       5869   stm32f1xx_hal.o
       182         14          0          0          0      29290   stm32f1xx_hal_cortex.o
       490         34          0          0          0       2880   stm32f1xx_hal_gpio.o
      2262         56          0          0          0      12710   stm32f1xx_hal_i2c.o
        60          8          0          0          0        862   stm32f1xx_hal_msp.o
      1272        100          0          0          0       5164   stm32f1xx_hal_rcc.o
      1620         46          0          0          0      13999   stm32f1xx_hal_tim.o
       104         12          0          0          0       1316   stm32f1xx_hal_tim_ex.o
       282          6          0          0          0       1860   stm32f1xx_hal_uart.o
       128         10          0          0          0       3986   stm32f1xx_it.o
         2          0         24          4          0       1107   system_stm32f1xx.o
       648         62          0          0        216       4268   tim.o
       168         20          0          0         68       1662   usart.o

    ----------------------------------------------------------------------
      9426        624        294        192       1904     536127   Object Totals
         0          0         32          0          0          0   (incl. Generated)
        24          0          2          2          0          0   (incl. Padding)

    ----------------------------------------------------------------------

      Code (inc. data)   RO Data    RW Data    ZI Data      Debug   Library Member Name

         8          0          0          0          0         68   __main.o
         0          0          0          0          0          0   __rtentry.o
        12          0          0          0          0          0   __rtentry2.o
         6          0          0          0          0          0   __rtentry4.o
        52          8          0          0          0          0   __scatter.o
        26          0          0          0          0          0   __scatter_copy.o
        28          0          0          0          0          0   __scatter_zi.o
        18          0          0          0          0         80   exit.o
         6          0          0          0          0        152   heapauxi.o
         0          0          0          0          0          0   indicate_semi.o
         2          0          0          0          0          0   libinit.o
         2          0          0          0          0          0   libinit2.o
         2          0          0          0          0          0   libshutdown.o
         2          0          0          0          0          0   libshutdown2.o
         8          4          0          0         96         68   libspace.o
        78          0          0          0          0         80   rt_memclr_w.o
         2          0          0          0          0          0   rtexit.o
        10          0          0          0          0          0   rtexit2.o
        12          4          0          0          0         68   sys_exit.o
        74          0          0          0          0         80   sys_stackheap_outer.o
         2          0          0          0          0         68   use_no_semi.o
        98          4          0          0          0         92   d2f.o
       826         16          0          0          0        348   daddsub_clz.o
        16          4          0          0          0         68   dcheck1.o
       688        140          0          0          0        208   ddiv.o
        46          0          0          0          0         68   dflt_clz.o
       340         12          0          0          0        104   dmul.o
       156          4          0          0          0         92   dnaninf.o
        12          0          0          0          0         68   dretinf.o
        86          4          0          0          0         84   f2d.o
       430          8          0          0          0        168   faddsub_clz.o
       388         76          0          0          0         96   fdiv.o
        54          4          0          0          0         84   ffix.o
        38          0          0          0          0         68   fflt_clz.o
       258          4          0          0          0         84   fmul.o
       140          4          0          0          0         84   fnaninf.o
        10          0          0          0          0         68   fretinf.o
       100          0          0          0          0         68   retnan.o
        92          0          0          0          0         68   scalbn.o
        48          0          0          0          0         68   trapv.o
         0          0          0          0          0          0   usenofp.o
       544         70        152          0          0        124   atan.o
       384         38          0          0          0        144   atan2.o
        26          6          0          0          0        204   dunder.o
        40          0          0          0          0         68   fpclassify.o
       170          0          0          0          0         96   poly.o
         0          0          8          0          0          0   qnan.o

    ----------------------------------------------------------------------
      5360        410        160          0         96       3288   Library Totals
        20          0          0          0          0          0   (incl. Padding)

    ----------------------------------------------------------------------

      Code (inc. data)   RO Data    RW Data    ZI Data      Debug   Library Name

       350         16          0          0         96        664   c_w.l
      3826        280          0          0          0       1988   fz_ws.l
      1164        114        160          0          0        636   m_ws.l

    ----------------------------------------------------------------------
      5360        410        160          0         96       3288   Library Totals

    ----------------------------------------------------------------------

==============================================================================


      Code (inc. data)   RO Data    RW Data    ZI Data      Debug   

     14786       1034        454        192       2000     533067   Grand Totals
     14786       1034        454        192       2000     533067   ELF Image Totals
     14786       1034        454        192          0          0   ROM Totals

==============================================================================

    Total RO  Size (Code + RO Data)                15240 (  14.88kB)
    Total RW  Size (RW Data + ZI Data)              2192 (   2.14kB)
    Total ROM Size (Code + RO Data + RW Data)      15432 (  15.07kB)

==============================================================================

